<html>
<body>
<pre>
<h1>µVision Build Log</h1>
<h2>Project:</h2>
E:\3D_PARK\software\HB25PARKDCT\USER\HB25PARKDCT.uvproj
Project File Date:  02/23/2016

<h2>Output:</h2>
Build target 'HB25PARKDCT'
linking...
..\OBJ\HB25PARKDCT.axf: Warning: L6305W: Image does not have an entry point. (Not specified or not set due to multiple choices.)
Program Size: Code=10688 RO-data=400 RW-data=80 ZI-data=1144  
Finished: 0 information, 1 warning and 0 error messages.
"..\OBJ\HB25PARKDCT.axf" - 0 Error(s), 1 Warning(s).
</pre>
</body>
</html>
g pwm.c...
compiling retarget.c...
compiling rtc.c...
compiling sc.c...
compiling scuart.c...
compiling spi.c...
compiling sys.c...
compiling timer.c...
compiling uart.c...
compiling usbd.c...
compiling wdt.c...
compiling wwdt.c...
compiling bsp.c...
compiling bsp_can.c...
compiling bsp_InputOutput.c...
..\HARDWARE\src\bsp_InputOutput.c(223): warning:  #940-D: missing return statement at end of non-void function "Action"
  }
..\HARDWARE\src\bsp_InputOutput.c: 1 warning, 0 errors
linking...
..\OBJ\HB25PARKDCT.axf: Warning: L6305W: Image does not have an entry point. (Not specified or not set due to multiple choices.)
Program Size: Code=10688 RO-data=400 RW-data=80 ZI-data=1144  
Finished: 0 information, 1 warning and 0 error messages.
"..\OBJ\HB25PARKDCT.axf" - 0 Error(s), 2 Warning(s).
