Product: MDK-ARM Professional 5.10
Component: ARM Compiler 5.04 update 1 (build 49)
Tool: armlink [5040049]

==============================================================================

Section Cross References

    system_nuc230_240.o(.text) refers to aeabi_sdiv.o(.text) for __aeabi_uidivmod
    system_nuc230_240.o(.text) refers to system_nuc230_240.o(.data) for PllClock
    startup_nuc230_240.o(STACK) refers (Special) to heapauxi.o(.text) for __use_two_region_memory
    startup_nuc230_240.o(HEAP) refers (Special) to heapauxi.o(.text) for __use_two_region_memory
    startup_nuc230_240.o(RESET) refers (Special) to heapauxi.o(.text) for __use_two_region_memory
    startup_nuc230_240.o(RESET) refers to startup_nuc230_240.o(STACK) for __initial_sp
    startup_nuc230_240.o(RESET) refers to startup_nuc230_240.o(.text) for Reset_Handler
    startup_nuc230_240.o(RESET) refers to retarget.o(.emb_text) for HardFault_Handler
    startup_nuc230_240.o(RESET) refers to bsp_io.o(.text) for TMR0_IRQHandler
    startup_nuc230_240.o(RESET) refers to bsp_can.o(.text) for CAN0_IRQHandler
    startup_nuc230_240.o(.text) refers (Special) to heapauxi.o(.text) for __use_two_region_memory
    startup_nuc230_240.o(.text) refers to system_nuc230_240.o(.text) for SystemInit
    startup_nuc230_240.o(.text) refers to __main.o(!!!main) for __main
    startup_nuc230_240.o(.text) refers to startup_nuc230_240.o(HEAP) for Heap_Mem
    startup_nuc230_240.o(.text) refers to startup_nuc230_240.o(STACK) for Stack_Mem
    main.o(.text) refers to bsp.o(.text) for bsp_Init
    main.o(.text) refers to bsp_io.o(.text) for Output
    can.o(.text) refers to aeabi_sdiv.o(.text) for __aeabi_uidivmod
    can.o(.text) refers to system_nuc230_240.o(.data) for SystemCoreClock
    can.o(.text) refers to system_nuc230_240.o(.text) for SystemCoreClockUpdate
    clk.o(.text) refers to system_nuc230_240.o(.text) for SystemCoreClockUpdate
    clk.o(.text) refers to aeabi_sdiv.o(.text) for __aeabi_uidivmod
    clk.o(.text) refers to clk.o(.constdata) for .constdata
    clk.o(.text) refers to system_nuc230_240.o(.data) for SystemCoreClock
    ebi.o(.text) refers to ebi.o(i.__ARM_common_switch8) for __ARM_common_switch8
    i2c.o(.text) refers to aeabi_sdiv.o(.text) for __aeabi_uidivmod
    i2c.o(.text) refers to system_nuc230_240.o(.data) for SystemCoreClock
    i2s.o(.text) refers to aeabi_sdiv.o(.text) for __aeabi_uidivmod
    i2s.o(.text) refers to system_nuc230_240.o(.data) for SystemCoreClock
    pdma.o(.text) refers to ebi.o(i.__ARM_common_switch8) for __ARM_common_switch8
    ps2.o(.text) refers to aeabi_sdiv.o(.text) for __aeabi_uidivmod
    pwm.o(.text) refers to rt_memcpy.o(.emb_text) for __aeabi_memcpy4
    pwm.o(.text) refers to system_nuc230_240.o(.text) for SystemCoreClockUpdate
    pwm.o(.text) refers to aeabi_sdiv.o(.text) for __aeabi_uidivmod
    pwm.o(.text) refers to pwm.o(.constdata) for .constdata
    pwm.o(.text) refers to system_nuc230_240.o(.data) for SystemCoreClock
    retarget.o(.emb_text) refers to retarget.o(.text) for Hard_Fault_Handler
    retarget.o(.text) refers to _printf_percent.o(.ARM.Collect$$_printf_percent$$00000000) for _printf_percent
    retarget.o(.text) refers to _printf_x.o(.ARM.Collect$$_printf_percent$$0000000C) for _printf_x
    retarget.o(.text) refers to _printf_hex_int.o(.text) for _printf_longlong_hex
    retarget.o(.text) refers to noretval__2printf.o(.text) for __2printf
    rtc.o(.text) refers to aeabi_sdiv.o(.text) for __aeabi_uidivmod
    rtc.o(.text) refers to rtc.o(.data) for g_u32hiYear
    sc.o(.text) refers to sc.o(.bss) for u32CardStateIgnore
    scuart.o(.text) refers to aeabi_sdiv.o(.text) for __aeabi_uidivmod
    scuart.o(.text) refers to system_nuc230_240.o(.data) for SystemCoreClock
    spi.o(.text) refers to aeabi_sdiv.o(.text) for __aeabi_uidivmod
    spi.o(.text) refers to clk.o(.text) for CLK_GetHCLKFreq
    timer.o(.text) refers to rt_memcpy.o(.emb_text) for __aeabi_memcpy4
    timer.o(.text) refers to aeabi_sdiv.o(.text) for __aeabi_uidivmod
    timer.o(.text) refers to timer.o(.constdata) for .constdata
    timer.o(.text) refers to system_nuc230_240.o(.data) for SystemCoreClock
    uart.o(.text) refers to aeabi_sdiv.o(.text) for __aeabi_uidivmod
    uart.o(.text) refers to uart.o(.constdata) for .constdata
    usbd.o(.text) refers to usbd.o(.data) for g_usbd_sInfo
    usbd.o(.text) refers to system_nuc230_240.o(.data) for CyclesPerUs
    bsp.o(.text) refers to rt_memcpy.o(.emb_text) for __aeabi_memcpy4
    bsp.o(.text) refers to clk.o(.text) for CLK_EnableXtalRC
    bsp.o(.text) refers to sys.o(.text) for SYS_ResetModule
    bsp.o(.text) refers to uart.o(.text) for UART_Open
    bsp.o(.text) refers to timer.o(.text) for TIMER_Open
    bsp.o(.text) refers to wdt.o(.text) for WDT_Open
    bsp.o(.text) refers to bsp_io.o(.text) for bsp_InitGPIO
    bsp.o(.text) refers to bsp_can.o(.text) for bsp_CANInit
    bsp.o(.text) refers to noretval__2printf.o(.text) for __2printf
[...]
    bsp_can.o(.text) refers to bsp.o(.text) for CBWriteOne
    bsp_can.o(.text) refers to bsp_can.o(.bss) for rrMsg
    bsp_can.o(.text) refers to bsp_can.o(.data) for CANCircularBuf_RX
    bsp_can.o(.text) refers to bsp_io.o(.data) for App_Flag
    bsp_io.o(.text) refers to _printf_percent.o(.ARM.Collect$$_printf_percent$$00000000) for _printf_percent
    bsp_io.o(.text) refers to _printf_x.o(.ARM.Collect$$_printf_percent$$0000000C) for _printf_x
    bsp_io.o(.text) refers to _printf_hex_int.o(.text) for _printf_longlong_hex
    bsp_io.o(.text) refers to gpio.o(.text) for GPIO_SetMode
    bsp_io.o(.text) refers to bsp.o(.text) for CBReadOne
    bsp_io.o(.text) refers to bsp_can.o(.text) for CANExecuteMsg
    bsp_io.o(.text) refers to rt_memcpy.o(.text) for __aeabi_memcpy
    bsp_io.o(.text) refers to noretval__2printf.o(.text) for __2printf
    bsp_io.o(.text) refers to system_nuc230_240.o(.data) for CyclesPerUs
    bsp_io.o(.text) refers to bsp_io.o(.data) for ucKeyDownTimeCnt1
    bsp_io.o(.text) refers to bsp_io.o(.bss) for StrMsgReceived
    bsp_io.o(.text) refers to bsp_can.o(.data) for CANCircularBuf_RX
    __2printf.o(.text) refers to _printf_char_file.o(.text) for _printf_char_file
    __2printf.o(.text) refers to retarget.o(.data) for __stdout
    noretval__2printf.o(.text) refers to _printf_char_file.o(.text) for _printf_char_file
    noretval__2printf.o(.text) refers to retarget.o(.data) for __stdout
    __printf.o(.text) refers to _printf_percent.o(.ARM.Collect$$_printf_percent$$00000000) for _printf_percent
    _printf_str.o(.text) refers (Special) to _printf_char.o(.text) for _printf_cs_common
    _printf_dec.o(.text) refers to rtudiv10.o(.text) for __rt_udiv10
    _printf_dec.o(.text) refers to _printf_intcommon.o(.text) for _printf_int_common
    _printf_hex_ll.o(.text) refers to _printf_intcommon.o(.text) for _printf_int_common
    _printf_hex_ll.o(.text) refers to _printf_hex_ll.o(.constdata) for .constdata
    _printf_hex_int.o(.text) refers to _printf_intcommon.o(.text) for _printf_int_common
    _printf_hex_int.o(.text) refers to _printf_hex_int.o(.constdata) for .constdata
    _printf_hex_int_ll.o(.text) refers to _printf_intcommon.o(.text) for _printf_int_common
    _printf_hex_int_ll.o(.text) refers to _printf_hex_int_ll.o(.constdata) for .constdata
    _printf_hex_ptr.o(.text) refers to _printf_intcommon.o(.text) for _printf_int_common
    _printf_hex_ptr.o(.text) refers to _printf_hex_ptr.o(.constdata) for .constdata
    _printf_hex_int_ptr.o(.text) refers to _printf_intcommon.o(.text) for _printf_int_common
    _printf_hex_int_ptr.o(.text) refers to _printf_hex_int_ptr.o(.constdata) for .constdata
    _printf_hex_ll_ptr.o(.text) refers to _printf_intcommon.o(.text) for _printf_int_common
    _printf_hex_ll_ptr.o(.text) refers to _printf_hex_ll_ptr.o(.constdata) for .constdata
    _printf_hex_int_ll_ptr.o(.text) refers to _printf_intcommon.o(.text) for _printf_int_common
    _printf_hex_int_ll_ptr.o(.text) refers to _printf_hex_int_ll_ptr.o(.constdata) for .constdata
    __printf_flags.o(.text) refers to _printf_percent.o(.ARM.Collect$$_printf_percent$$00000000) for _printf_percent
    __printf_flags.o(.text) refers to __printf_flags.o(.constdata) for .constdata
    __printf_ss.o(.text) refers to _printf_percent.o(.ARM.Collect$$_printf_percent$$00000000) for _printf_percent
    __printf_flags_ss.o(.text) refers to _printf_percent.o(.ARM.Collect$$_printf_percent$$00000000) for _printf_percent
    __printf_flags_ss.o(.text) refers to __printf_flags_ss.o(.constdata) for .constdata
    __printf_wp.o(.text) refers to __printf_wp.o(i._is_digit) for _is_digit
    __printf_wp.o(.text) refers to _printf_percent.o(.ARM.Collect$$_printf_percent$$00000000) for _printf_percent
    __printf_flags_wp.o(.text) refers to __printf_wp.o(i._is_digit) for _is_digit
    __printf_flags_wp.o(.text) refers to _printf_percent.o(.ARM.Collect$$_printf_percent$$00000000) for _printf_percent
    __printf_flags_wp.o(.text) refers to __printf_flags_wp.o(.constdata) for .constdata
    __printf_ss_wp.o(.text) refers to __printf_wp.o(i._is_digit) for _is_digit
    __printf_ss_wp.o(.text) refers to _printf_percent.o(.ARM.Collect$$_printf_percent$$00000000) for _printf_percent
    __printf_flags_ss_wp.o(.text) refers to __printf_wp.o(i._is_digit) for _is_digit
    __printf_flags_ss_wp.o(.text) refers to _printf_percent.o(.ARM.Collect$$_printf_percent$$00000000) for _printf_percent
    __printf_flags_ss_wp.o(.text) refers to __printf_flags_ss_wp.o(.constdata) for .constdata
    _printf_s.o(.ARM.Collect$$_printf_percent$$00000014) refers (Weak) to _printf_char.o(.text) for _printf_string
    _printf_x.o(.ARM.Collect$$_printf_percent$$0000000C) refers (Weak) to _printf_hex_int.o(.text) for _printf_int_hex
    _printf_d.o(.ARM.Collect$$_printf_percent$$00000009) refers (Weak) to _printf_dec.o(.text) for _printf_int_dec
    _printf_percent.o(.ARM.Collect$$_printf_percent$$00000000) refers (Special) to _printf_percent_end.o(.ARM.Collect$$_printf_percent$$00000017) for _printf_percent_end
    rt_memcpy.o(.text) refers to rt_memcpy.o(.emb_text) for __aeabi_memcpy4
    __main.o(!!!main) refers to rtentry.o(.ARM.Collect$$rtentry$$00000000) for __rt_entry
    rtentry.o(.ARM.Collect$$rtentry$$00000000) refers (Special) to rtentry2.o(.ARM.Collect$$rtentry$$0000000A) for __rt_entry_li
    rtentry.o(.ARM.Collect$$rtentry$$00000000) refers (Special) to rtentry2.o(.ARM.Collect$$rtentry$$0000000D) for __rt_entry_main
    rtentry.o(.ARM.Collect$$rtentry$$00000000) refers (Special) to rtentry2.o(.ARM.Collect$$rtentry$$0000000C) for __rt_entry_postli_1
    rtentry.o(.ARM.Collect$$rtentry$$00000000) refers (Special) to rtentry2.o(.ARM.Collect$$rtentry$$00000009) for __rt_entry_postsh_1
    rtentry.o(.ARM.Collect$$rtentry$$00000000) refers (Special) to rtentry2.o(.ARM.Collect$$rtentry$$00000002) for __rt_entry_presh_1
    rtentry.o(.ARM.Collect$$rtentry$$00000000) refers (Special) to rtentry4.o(.ARM.Collect$$rtentry$$00000004) for __rt_entry_sh
    aeabi_idiv0_sigfpe.o(.text) refers to rt_div0.o(.text) for __rt_div0
    _printf_char.o(.text) refers (Weak) to _printf_str.o(.text) for _printf_str
    _printf_char_file.o(.text) refers to _printf_char_common.o(.text) for _printf_char_common
    _printf_char_file.o(.text) refers to retarget.o(.text) for ferror
    rtentry2.o(.ARM.Collect$$rtentry$$00000008) refers to boardinit2.o(.text) for _platform_post_stackheap_init
    rtentry2.o(.ARM.Collect$$rtentry$$0000000A) refers to libinit.o(.ARM.Collect$$libinit$$00000000) for __rt_lib_init
    rtentry2.o(.ARM.Collect$$rtentry$$0000000B) refers to boardinit3.o(.text) for _platform_post_lib_init
    rtentry2.o(.ARM.Collect$$rtentry$$0000000D) refers to main.o(.text) for main
    rtentry2.o(.ARM.Collect$$rtentry$$0000000D) refers to exit.o(.text) for exit
    rtentry2.o(.ARM.exidx) refers to rtentry2.o(.ARM.Collect$$rtentry$$00000001) for .ARM.Collect$$rtentry$$00000001
    rtentry2.o(.ARM.exidx) refers to rtentry2.o(.ARM.Collect$$rtentry$$00000008) for .ARM.Collect$$rtentry$$00000008
    rtentry2.o(.ARM.exidx) refers to rtentry2.o(.ARM.Collect$$rtentry$$0000000A) for .ARM.Collect$$rtentry$$0000000A
    rtentry2.o(.ARM.exidx) refers to rtentry2.o(.ARM.Collect$$rtentry$$0000000B) for .ARM.Collect$$rtentry$$0000000B
    rtentry2.o(.ARM.exidx) refers to rtentry2.o(.ARM.Collect$$rtentry$$0000000D) for .ARM.Collect$$rtentry$$0000000D
    rtentry4.o(.ARM.Collect$$rtentry$$00000004) refers to sys_stackheap_outer.o(.text) for __user_setup_stackheap
    rtentry4.o(.ARM.exidx) refers to rtentry4.o(.ARM.Collect$$rtentry$$00000004) for .ARM.Collect$$rtentry$$00000004
    rt_div0.o(.text) refers to defsig_fpe_outer.o(.text) for __rt_SIGFPE
    _printf_char_common.o(.text) refers to __printf_wp.o(.text) for __printf
    sys_stackheap_outer.o(.text) refers to libspace.o(.text) for __user_perproc_libspace
    sys_stackheap_outer.o(.text) refers to startup_nuc230_240.o(.text) for __user_initial_stackheap
    sys_stackheap_outer.o(__vectab_stack_and_reset_area) refers to tempstk.o(.text) for __temporary_stack_top
    sys_stackheap_outer.o(__vectab_stack_and_reset_area) refers to __main.o(!!!main) for __main
    exit.o(.text) refers to rtexit.o(.ARM.Collect$$rtexit$$00000000) for __rt_exit
    defsig_fpe_outer.o(.text) refers to defsig_fpe_inner.o(.text) for __rt_SIGFPE_inner
    defsig_fpe_outer.o(.text) refers to defsig_exit.o(.text) for __sig_exit
    defsig_fpe_formal.o(.text) refers to rt_raise.o(.text) for __rt_raise
    libinit.o(.ARM.Collect$$libinit$$00000000) refers (Special) to libinit2.o(.ARM.Collect$$libinit$$0000002C) for __rt_lib_init_alloca_1
    libinit.o(.ARM.Collect$$libinit$$00000000) refers (Special) to libinit2.o(.ARM.Collect$$libinit$$0000002A) for __rt_lib_init_argv_1
    libinit.o(.ARM.Collect$$libinit$$00000000) refers (Special) to libinit2.o(.ARM.Collect$$libinit$$00000019) for __rt_lib_init_atexit_1
    libinit.o(.ARM.Collect$$libinit$$00000000) refers (Special) to libinit2.o(.ARM.Collect$$libinit$$0000001F) for __rt_lib_init_clock_1
    libinit.o(.ARM.Collect$$libinit$$00000000) refers (Special) to libinit2.o(.ARM.Collect$$libinit$$00000030) for __rt_lib_init_cpp_1
    libinit.o(.ARM.Collect$$libinit$$00000000) refers (Special) to libinit2.o(.ARM.Collect$$libinit$$0000002E) for __rt_lib_init_exceptions_1
    libinit.o(.ARM.Collect$$libinit$$00000000) refers (Special) to libinit2.o(.ARM.Collect$$libinit$$00000001) for __rt_lib_init_fp_1
    libinit.o(.ARM.Collect$$libinit$$00000000) refers (Special) to libinit2.o(.ARM.Collect$$libinit$$0000001D) for __rt_lib_init_fp_trap_1
    libinit.o(.ARM.Collect$$libinit$$00000000) refers (Special) to libinit2.o(.ARM.Collect$$libinit$$00000021) for __rt_lib_init_getenv_1
    libinit.o(.ARM.Collect$$libinit$$00000000) refers (Special) to libinit2.o(.ARM.Collect$$libinit$$00000008) for __rt_lib_init_heap_1
    libinit.o(.ARM.Collect$$libinit$$00000000) refers (Special) to libinit2.o(.ARM.Collect$$libinit$$0000000F) for __rt_lib_init_lc_collate_1
    libinit.o(.ARM.Collect$$libinit$$00000000) refers (Special) to libinit2.o(.ARM.Collect$$libinit$$00000011) for __rt_lib_init_lc_ctype_1
    libinit.o(.ARM.Collect$$libinit$$00000000) refers (Special) to libinit2.o(.ARM.Collect$$libinit$$00000013) for __rt_lib_init_lc_monetary_1
    libinit.o(.ARM.Collect$$libinit$$00000000) refers (Special) to libinit2.o(.ARM.Collect$$libinit$$00000015) for __rt_lib_init_lc_numeric_1
    libinit.o(.ARM.Collect$$libinit$$00000000) refers (Special) to libinit2.o(.ARM.Collect$$libinit$$00000017) for __rt_lib_init_lc_time_1
    libinit.o(.ARM.Collect$$libinit$$00000000) refers (Special) to libinit2.o(.ARM.Collect$$libinit$$0000000C) for __rt_lib_init_rand_1
    libinit.o(.ARM.Collect$$libinit$$00000000) refers (Special) to libinit2.o(.ARM.Collect$$libinit$$00000031) for __rt_lib_init_return
    libinit.o(.ARM.Collect$$libinit$$00000000) refers (Special) to libinit2.o(.ARM.Collect$$libinit$$0000001B) for __rt_lib_init_signal_1
    libinit.o(.ARM.Collect$$libinit$$00000000) refers (Special) to libinit2.o(.ARM.Collect$$libinit$$00000023) for __rt_lib_init_stdio_1
    libinit.o(.ARM.Collect$$libinit$$00000000) refers (Special) to libinit2.o(.ARM.Collect$$libinit$$0000000A) for __rt_lib_init_user_alloc_1
    libspace.o(.text) refers to libspace.o(.bss) for __libspace_start
    rtexit.o(.ARM.Collect$$rtexit$$00000000) refers (Special) to rtexit2.o(.ARM.Collect$$rtexit$$00000004) for __rt_exit_exit
    rtexit.o(.ARM.Collect$$rtexit$$00000000) refers (Special) to rtexit2.o(.ARM.Collect$$rtexit$$00000003) for __rt_exit_ls
    rtexit.o(.ARM.Collect$$rtexit$$00000000) refers (Special) to rtexit2.o(.ARM.Collect$$rtexit$$00000002) for __rt_exit_prels_1
    rtexit.o(.ARM.exidx) refers (Special) to rtexit2.o(.ARM.Collect$$rtexit$$00000004) for __rt_exit_exit
    rtexit.o(.ARM.exidx) refers (Special) to rtexit2.o(.ARM.Collect$$rtexit$$00000003) for __rt_exit_ls
    rtexit.o(.ARM.exidx) refers (Special) to rtexit2.o(.ARM.Collect$$rtexit$$00000002) for __rt_exit_prels_1
    rtexit.o(.ARM.exidx) refers to rtexit.o(.ARM.Collect$$rtexit$$00000000) for .ARM.Collect$$rtexit$$00000000
    rt_raise.o(.text) refers to __raise.o(.text) for __raise
    rt_raise.o(.text) refers to sys_exit.o(.text) for _sys_exit
    defsig_exit.o(.text) refers to sys_exit.o(.text) for _sys_exit
    defsig_fpe_inner.o(.text) refers to defsig_general.o(.text) for __default_signal_display
    libinit2.o(.ARM.Collect$$libinit$$0000000E) refers to libinit2.o(.ARM.Collect$$libinit$$0000000D) for .ARM.Collect$$libinit$$0000000D
    libinit2.o(.ARM.Collect$$libinit$$00000010) refers to libinit2.o(.ARM.Collect$$libinit$$0000000D) for .ARM.Collect$$libinit$$0000000D
    libinit2.o(.ARM.Collect$$libinit$$00000012) refers to libinit2.o(.ARM.Collect$$libinit$$0000000D) for .ARM.Collect$$libinit$$0000000D
    libinit2.o(.ARM.Collect$$libinit$$00000014) refers to libinit2.o(.ARM.Collect$$libinit$$0000000D) for .ARM.Collect$$libinit$$0000000D
    libinit2.o(.ARM.Collect$$libinit$$00000016) refers to libinit2.o(.ARM.Collect$$libinit$$0000000D) for .ARM.Collect$$libinit$$0000000D
    libinit2.o(.ARM.Collect$$libinit$$00000024) refers to argv_veneer.o(.text) for __ARM_argv_veneer
    libinit2.o(.ARM.Collect$$libinit$$00000025) refers to argv_veneer.o(.text) for __ARM_argv_veneer
    sys_exit.o(.text) refers (Special) to use_no_semi.o(.text) for __I$use$semihosting
    sys_exit.o(.text) refers (Special) to indicate_semi.o(.text) for __semihosting_library_function
    rtexit2.o(.ARM.Collect$$rtexit$$00000003) refers to libshutdown.o(.ARM.Collect$$libshutdown$$00000000) for __rt_lib_shutdown
    rtexit2.o(.ARM.Collect$$rtexit$$00000004) refers to sys_exit.o(.text) for _sys_exit
    rtexit2.o(.ARM.exidx) refers to rtexit2.o(.ARM.Collect$$rtexit$$00000001) for .ARM.Collect$$rtexit$$00000001
    rtexit2.o(.ARM.exidx) refers to rtexit2.o(.ARM.Collect$$rtexit$$00000003) for .ARM.Collect$$rtexit$$00000003
    rtexit2.o(.ARM.exidx) refers to rtexit2.o(.ARM.Collect$$rtexit$$00000004) for .ARM.Collect$$rtexit$$00000004
    __raise.o(.text) refers to defsig.o(CL$$defsig) for __default_signal_handler
    defsig_general.o(.text) refers to retarget.o(.text) for _ttywrch
    defsig.o(CL$$defsig) refers to defsig_fpe_inner.o(.text) for __rt_SIGFPE_inner
    defsig.o(CL$$defsig) refers to defsig_rtmem_inner.o(.text) for __rt_SIGRTMEM_inner
    _get_argv_nomalloc.o(.text) refers (Special) to hrguard.o(.text) for __heap_region$guard
    _get_argv_nomalloc.o(.text) refers to defsig_rtmem_outer.o(.text) for __rt_SIGRTMEM
    _get_argv_nomalloc.o(.text) refers to sys_command.o(.text) for _sys_command_string
    libshutdown.o(.ARM.Collect$$libshutdown$$00000000) refers (Special) to libshutdown2.o(.ARM.Collect$$libshutdown$$00000006) for __rt_lib_shutdown_fp_trap_1
    libshutdown.o(.ARM.Collect$$libshutdown$$00000000) refers (Special) to libshutdown2.o(.ARM.Collect$$libshutdown$$0000000E) for __rt_lib_shutdown_heap_1
    libshutdown.o(.ARM.Collect$$libshutdown$$00000000) refers (Special) to libshutdown2.o(.ARM.Collect$$libshutdown$$0000000F) for __rt_lib_shutdown_return
    libshutdown.o(.ARM.Collect$$libshutdown$$00000000) refers (Special) to libshutdown2.o(.ARM.Collect$$libshutdown$$00000009) for __rt_lib_shutdown_signal_1
    libshutdown.o(.ARM.Collect$$libshutdown$$00000000) refers (Special) to libshutdown2.o(.ARM.Collect$$libshutdown$$00000003) for __rt_lib_shutdown_stdio_1
    libshutdown.o(.ARM.Collect$$libshutdown$$00000000) refers (Special) to libshutdown2.o(.ARM.Collect$$libshutdown$$0000000B) for __rt_lib_shutdown_user_alloc_1
    sys_command.o(.text) refers (Special) to use_no_semi.o(.text) for __I$use$semihosting
    sys_command.o(.text) refers (Special) to indicate_semi.o(.text) for __semihosting_library_function
    defsig_abrt_inner.o(.text) refers to defsig_general.o(.text) for __default_signal_display
    defsig_rtred_inner.o(.text) refers to defsig_general.o(.text) for __default_signal_display
    defsig_rtmem_inner.o(.text) refers to defsig_general.o(.text) for __default_signal_display
    defsig_rtmem_outer.o(.text) refers to defsig_rtmem_inner.o(.text) for __rt_SIGRTMEM_inner
    defsig_rtmem_outer.o(.text) refers to defsig_exit.o(.text) for __sig_exit
    defsig_rtmem_formal.o(.text) refers to rt_raise.o(.text) for __rt_raise
    defsig_stak_inner.o(.text) refers to defsig_general.o(.text) for __default_signal_display
    defsig_pvfn_inner.o(.text) refers to defsig_general.o(.text) for __default_signal_display
    defsig_cppl_inner.o(.text) refers to defsig_general.o(.text) for __default_signal_display
    defsig_segv_inner.o(.text) refers to defsig_general.o(.text) for __default_signal_display
    defsig_other.o(.text) refers to defsig_general.o(.text) for __default_signal_display


==============================================================================

Removing Unused input sections from the image.

    Removing system_nuc230_240.o(.rev16_text), (4 bytes).
    Removing system_nuc230_240.o(.revsh_text), (4 bytes).
    Removing main.o(.rev16_text), (4 bytes).
    Removing main.o(.revsh_text), (4 bytes).
    Removing acmp.o(.rev16_text), (4 bytes).
    Removing acmp.o(.revsh_text), (4 bytes).
    Removing acmp.o(.text), (40 bytes).
    Removing adc.o(.rev16_text), (4 bytes).
    Removing adc.o(.revsh_text), (4 bytes).
    Removing adc.o(.text), (184 bytes).
    Removing can.o(.rev16_text), (4 bytes).
    Removing can.o(.revsh_text), (4 bytes).
    Removing clk.o(.rev16_text), (4 bytes).
    Removing clk.o(.revsh_text), (4 bytes).
    Removing crc.o(.rev16_text), (4 bytes).
    Removing crc.o(.revsh_text), (4 bytes).
    Removing crc.o(.text), (152 bytes).
    Removing ebi.o(.rev16_text), (4 bytes).
    Removing ebi.o(.revsh_text), (4 bytes).
    Removing ebi.o(.text), (316 bytes).
    Removing fmc.o(.rev16_text), (4 bytes).
    Removing fmc.o(.revsh_text), (4 bytes).
    Removing fmc.o(.text), (344 bytes).
    Removing gpio.o(.rev16_text), (4 bytes).
    Removing gpio.o(.revsh_text), (4 bytes).
    Removing i2c.o(.rev16_text), (4 bytes).
    Removing i2c.o(.revsh_text), (4 bytes).
    Removing i2c.o(.text), (504 bytes).
    Removing i2s.o(.rev16_text), (4 bytes).
    Removing i2s.o(.revsh_text), (4 bytes).
    Removing i2s.o(.text), (488 bytes).
    Removing pdma.o(.rev16_text), (4 bytes).
    Removing pdma.o(.revsh_text), (4 bytes).
    Removing pdma.o(.text), (664 bytes).
    Removing ps2.o(.rev16_text), (4 bytes).
    Removing ps2.o(.revsh_text), (4 bytes).
    Removing ps2.o(.text), (376 bytes).
    Removing pwm.o(.rev16_text), (4 bytes).
    Removing pwm.o(.revsh_text), (4 bytes).
    Removing pwm.o(.text), (1604 bytes).
    Removing pwm.o(.constdata), (200 bytes).
    Removing retarget.o(.rev16_text), (4 bytes).
    Removing retarget.o(.revsh_text), (4 bytes).
    Removing rtc.o(.rev16_text), (4 bytes).
    Removing rtc.o(.revsh_text), (4 bytes).
    Removing rtc.o(.text), (2272 bytes).
    Removing rtc.o(.data), (48 bytes).
    Removing sc.o(.rev16_text), (4 bytes).
    Removing sc.o(.revsh_text), (4 bytes).
    Removing sc.o(.text), (480 bytes).
    Removing sc.o(.bss), (12 bytes).
    Removing scuart.o(.rev16_text), (4 bytes).
    Removing scuart.o(.revsh_text), (4 bytes).
    Removing scuart.o(.text), (444 bytes).
    Removing spi.o(.rev16_text), (4 bytes).
    Removing spi.o(.revsh_text), (4 bytes).
    Removing spi.o(.text), (2020 bytes).
    Removing sys.o(.rev16_text), (4 bytes).
    Removing sys.o(.revsh_text), (4 bytes).
    Removing timer.o(.rev16_text), (4 bytes).
    Removing timer.o(.revsh_text), (4 bytes).
    Removing uart.o(.rev16_text), (4 bytes).
    Removing uart.o(.revsh_text), (4 bytes).
    Removing usbd.o(.rev16_text), (4 bytes).
    Removing usbd.o(.revsh_text), (4 bytes).
    Removing usbd.o(.text), (2112 bytes).
    Removing usbd.o(.data), (73 bytes).
    Removing wdt.o(.rev16_text), (4 bytes).
    Removing wdt.o(.revsh_text), (4 bytes).
    Removing wwdt.o(.rev16_text), (4 bytes).
    Removing wwdt.o(.revsh_text), (4 bytes).
    Removing wwdt.o(.text), (32 bytes).
    Removing bsp.o(.rev16_text), (4 bytes).
    Removing bsp.o(.revsh_text), (4 bytes).
    Removing bsp_can.o(.rev16_text), (4 bytes).
    Removing bsp_can.o(.revsh_text), (4 bytes).
    Removing bsp_io.o(.rev16_text), (4 bytes).
    Removing bsp_io.o(.revsh_text), (4 bytes).
    Removing ebi.o(i.__ARM_common_switch8), (28 bytes).

79 unused section(s) (total 12625 bytes) removed from the image.

==============================================================================

Image Symbol Table

    Local Symbols

    Symbol Name                              Value     Ov Type        Size  Object(Section)

    RESET                                    0x00000000   Section      192  startup_nuc230_240.o(RESET)
    ../clib/angel/boardlib.s                 0x00000000   Number         0  boardshut.o ABSOLUTE
    ../clib/angel/boardlib.s                 0x00000000   Number         0  boardinit3.o ABSOLUTE
    ../clib/angel/boardlib.s                 0x00000000   Number         0  boardinit2.o ABSOLUTE
    ../clib/angel/boardlib.s                 0x00000000   Number         0  boardinit1.o ABSOLUTE
    ../clib/angel/handlers.s                 0x00000000   Number         0  __scatter_copy.o ABSOLUTE
    ../clib/angel/handlers.s                 0x00000000   Number         0  __scatter_zi.o ABSOLUTE
    ../clib/angel/kernel.s                   0x00000000   Number         0  rtentry4.o ABSOLUTE
    ../clib/angel/kernel.s                   0x00000000   Number         0  rtentry2.o ABSOLUTE
    ../clib/angel/kernel.s                   0x00000000   Number         0  rtexit2.o ABSOLUTE
    ../clib/angel/kernel.s                   0x00000000   Number         0  rtexit.o ABSOLUTE
    ../clib/angel/kernel.s                   0x00000000   Number         0  rtentry.o ABSOLUTE
    ../clib/angel/rt.s                       0x00000000   Number         0  rt_div0.o ABSOLUTE
    ../clib/angel/rt.s                       0x00000000   Number         0  aeabi_idiv0.o ABSOLUTE
    ../clib/angel/rt.s                       0x00000000   Number         0  rt_raise.o ABSOLUTE
    ../clib/angel/rt.s                       0x00000000   Number         0  aeabi_idiv0_sigfpe.o ABSOLUTE
    ../clib/angel/scatterp.s                 0x00000000   Number         0  __scatter.o ABSOLUTE
    ../clib/angel/startup.s                  0x00000000   Number         0  __main.o ABSOLUTE
    ../clib/angel/sys.s                      0x00000000   Number         0  tempstk.o ABSOLUTE
    ../clib/angel/sys.s                      0x00000000   Number         0  libspace.o ABSOLUTE
    ../clib/angel/sys.s                      0x00000000   Number         0  indicate_semi.o ABSOLUTE
    ../clib/angel/sys.s                      0x00000000   Number         0  sys_stackheap_outer.o ABSOLUTE
    ../clib/angel/sys.s                      0x00000000   Number         0  use_no_semi.o ABSOLUTE
    ../clib/angel/sysapp.c                   0x00000000   Number         0  sys_command.o ABSOLUTE
    ../clib/angel/sysapp.c                   0x00000000   Number         0  sys_exit.o ABSOLUTE
    ../clib/armsys.c                         0x00000000   Number         0  no_argv.o ABSOLUTE
    ../clib/armsys.c                         0x00000000   Number         0  _get_argv_nomalloc.o ABSOLUTE
    ../clib/armsys.c                         0x00000000   Number         0  argv_veneer.o ABSOLUTE
    ../clib/division.c                       0x00000000   Number         0  rtudiv10.o ABSOLUTE
    ../clib/division.s                       0x00000000   Number         0  aeabi_sdiv_div0.o ABSOLUTE
    ../clib/division.s                       0x00000000   Number         0  aeabi_sdiv.o ABSOLUTE
    ../clib/heapalloc.c                      0x00000000   Number         0  hrguard.o ABSOLUTE
    ../clib/heapaux.c                        0x00000000   Number         0  heapauxi.o ABSOLUTE
    ../clib/libinit.s                        0x00000000   Number         0  libinit.o ABSOLUTE
    ../clib/libinit.s                        0x00000000   Number         0  libshutdown.o ABSOLUTE
    ../clib/libinit.s                        0x00000000   Number         0  libshutdown2.o ABSOLUTE
    ../clib/libinit.s                        0x00000000   Number         0  libinit2.o ABSOLUTE
    ../clib/memcpset.c                       0x00000000   Number         0  rt_memcpy.o ABSOLUTE
    ../clib/memcpset.c                       0x00000000   Number         0  rt_memcpy.o ABSOLUTE
    ../clib/misc.s                           0x00000000   Number         0  printf_stubs.o ABSOLUTE
    ../clib/printf.c                         0x00000000   Number         0  _printf_str.o ABSOLUTE
    ../clib/printf.c                         0x00000000   Number         0  _printf_dec.o ABSOLUTE
    ../clib/printf.c                         0x00000000   Number         0  _printf_hex_ll.o ABSOLUTE
    ../clib/printf.c                         0x00000000   Number         0  __printf_nopercent.o ABSOLUTE
    ../clib/printf.c                         0x00000000   Number         0  __printf_flags_ss_wp.o ABSOLUTE
    ../clib/printf.c                         0x00000000   Number         0  __printf_ss_wp.o ABSOLUTE
    ../clib/printf.c                         0x00000000   Number         0  __printf_flags_wp.o ABSOLUTE
    ../clib/printf.c                         0x00000000   Number         0  __printf_wp.o ABSOLUTE
    ../clib/printf.c                         0x00000000   Number         0  _printf_hex_int_ll.o ABSOLUTE
    ../clib/printf.c                         0x00000000   Number         0  _printf_hex_ptr.o ABSOLUTE
    ../clib/printf.c                         0x00000000   Number         0  _printf_hex_int_ptr.o ABSOLUTE
    ../clib/printf.c                         0x00000000   Number         0  _printf_hex_ll_ptr.o ABSOLUTE
    ../clib/printf.c                         0x00000000   Number         0  _printf_hex_int_ll_ptr.o ABSOLUTE
    ../clib/printf.c                         0x00000000   Number         0  __printf_flags.o ABSOLUTE
    ../clib/printf.c                         0x00000000   Number         0  __printf_ss.o ABSOLUTE
    ../clib/printf.c                         0x00000000   Number         0  _printf_char_common.o ABSOLUTE
    ../clib/printf.c                         0x00000000   Number         0  __printf_flags_ss.o ABSOLUTE
    ../clib/printf.c                         0x00000000   Number         0  _printf_char.o ABSOLUTE
    ../clib/printf.c                         0x00000000   Number         0  _printf_hex_int.o ABSOLUTE
    ../clib/printf.c                         0x00000000   Number         0  _printf_intcommon.o ABSOLUTE
    ../clib/printf.c                         0x00000000   Number         0  __2printf.o ABSOLUTE
    ../clib/printf.c                         0x00000000   Number         0  noretval__2printf.o ABSOLUTE
    ../clib/printf.c                         0x00000000   Number         0  _printf_char_file.o ABSOLUTE
    ../clib/printf.c                         0x00000000   Number         0  __printf.o ABSOLUTE
    ../clib/printf_percent.s                 0x00000000   Number         0  _printf_percent_end.o ABSOLUTE
    ../clib/printf_percent.s                 0x00000000   Number         0  _printf_s.o ABSOLUTE
    ../clib/printf_percent.s                 0x00000000   Number         0  _printf_x.o ABSOLUTE
    ../clib/printf_percent.s                 0x00000000   Number         0  _printf_d.o ABSOLUTE
    ../clib/printf_percent.s                 0x00000000   Number         0  _printf_percent.o ABSOLUTE
    ../clib/signal.c                         0x00000000   Number         0  defsig_rtmem_formal.o ABSOLUTE
    ../clib/signal.c                         0x00000000   Number         0  defsig_rtmem_outer.o ABSOLUTE
    ../clib/signal.c                         0x00000000   Number         0  defsig_rtred_inner.o ABSOLUTE
    ../clib/signal.c                         0x00000000   Number         0  defsig_abrt_inner.o ABSOLUTE
    ../clib/signal.c                         0x00000000   Number         0  defsig_fpe_outer.o ABSOLUTE
    ../clib/signal.c                         0x00000000   Number         0  defsig_fpe_formal.o ABSOLUTE
    ../clib/signal.c                         0x00000000   Number         0  defsig_other.o ABSOLUTE
    ../clib/signal.c                         0x00000000   Number         0  defsig_segv_inner.o ABSOLUTE
    ../clib/signal.c                         0x00000000   Number         0  defsig_general.o ABSOLUTE
    ../clib/signal.c                         0x00000000   Number         0  __raise.o ABSOLUTE
    ../clib/signal.c                         0x00000000   Number         0  defsig_cppl_inner.o ABSOLUTE
    ../clib/signal.c                         0x00000000   Number         0  defsig_pvfn_inner.o ABSOLUTE
    ../clib/signal.c                         0x00000000   Number         0  defsig_stak_inner.o ABSOLUTE
    ../clib/signal.c                         0x00000000   Number         0  defsig_fpe_inner.o ABSOLUTE
    ../clib/signal.c                         0x00000000   Number         0  defsig_exit.o ABSOLUTE
    ../clib/signal.c                         0x00000000   Number         0  defsig_rtmem_inner.o ABSOLUTE
    ../clib/signal.s                         0x00000000   Number         0  defsig.o ABSOLUTE
    ../clib/stdlib.c                         0x00000000   Number         0  exit.o ABSOLUTE
    ../fplib/cfplib/fpinit.c                 0x00000000   Number         0  fpinit.o ABSOLUTE
    ..\CMSIS\NUC230_240\Source\ARM\startup_NUC230_240.s 0x00000000   Number         0  startup_nuc230_240.o ABSOLUTE
    ..\CMSIS\NUC230_240\Source\system_NUC230_240.c 0x00000000   Number         0  system_nuc230_240.o ABSOLUTE
    ..\HARDWARE\src\bsp.c                    0x00000000   Number         0  bsp.o ABSOLUTE
    ..\HARDWARE\src\bsp_IO.c                 0x00000000   Number         0  bsp_io.o ABSOLUTE
    ..\HARDWARE\src\bsp_can.c                0x00000000   Number         0  bsp_can.o ABSOLUTE
    ..\NUC230_240_FWLib\src\acmp.c           0x00000000   Number         0  acmp.o ABSOLUTE
    ..\NUC230_240_FWLib\src\adc.c            0x00000000   Number         0  adc.o ABSOLUTE
    ..\NUC230_240_FWLib\src\can.c            0x00000000   Number         0  can.o ABSOLUTE
    ..\NUC230_240_FWLib\src\clk.c            0x00000000   Number         0  clk.o ABSOLUTE
    ..\NUC230_240_FWLib\src\crc.c            0x00000000   Number         0  crc.o ABSOLUTE
    ..\NUC230_240_FWLib\src\ebi.c            0x00000000   Number         0  ebi.o ABSOLUTE
    ..\NUC230_240_FWLib\src\fmc.c            0x00000000   Number         0  fmc.o ABSOLUTE
    ..\NUC230_240_FWLib\src\gpio.c           0x00000000   Number         0  gpio.o ABSOLUTE
    ..\NUC230_240_FWLib\src\i2c.c            0x00000000   Number         0  i2c.o ABSOLUTE
    ..\NUC230_240_FWLib\src\i2s.c            0x00000000   Number         0  i2s.o ABSOLUTE
    ..\NUC230_240_FWLib\src\pdma.c           0x00000000   Number         0  pdma.o ABSOLUTE
    ..\NUC230_240_FWLib\src\ps2.c            0x00000000   Number         0  ps2.o ABSOLUTE
    ..\NUC230_240_FWLib\src\pwm.c            0x00000000   Number         0  pwm.o ABSOLUTE
    ..\NUC230_240_FWLib\src\retarget.c       0x00000000   Number         0  retarget.o ABSOLUTE
    ..\NUC230_240_FWLib\src\rtc.c            0x00000000   Number         0  rtc.o ABSOLUTE
    ..\NUC230_240_FWLib\src\sc.c             0x00000000   Number         0  sc.o ABSOLUTE
    ..\NUC230_240_FWLib\src\scuart.c         0x00000000   Number         0  scuart.o ABSOLUTE
    ..\NUC230_240_FWLib\src\spi.c            0x00000000   Number         0  spi.o ABSOLUTE
    ..\NUC230_240_FWLib\src\sys.c            0x00000000   Number         0  sys.o ABSOLUTE
    ..\NUC230_240_FWLib\src\timer.c          0x00000000   Number         0  timer.o ABSOLUTE
    ..\NUC230_240_FWLib\src\uart.c           0x00000000   Number         0  uart.o ABSOLUTE
    ..\NUC230_240_FWLib\src\usbd.c           0x00000000   Number         0  usbd.o ABSOLUTE
    ..\NUC230_240_FWLib\src\wdt.c            0x00000000   Number         0  wdt.o ABSOLUTE
    ..\NUC230_240_FWLib\src\wwdt.c           0x00000000   Number         0  wwdt.o ABSOLUTE
    ..\\CMSIS\\NUC230_240\\Source\\system_NUC230_240.c 0x00000000   Number         0  system_nuc230_240.o ABSOLUTE
    ..\\HARDWARE\\src\\bsp.c                 0x00000000   Number         0  bsp.o ABSOLUTE
    ..\\HARDWARE\\src\\bsp_IO.c              0x00000000   Number         0  bsp_io.o ABSOLUTE
    ..\\HARDWARE\\src\\bsp_can.c             0x00000000   Number         0  bsp_can.o ABSOLUTE
    ..\\NUC230_240_FWLib\\src\\acmp.c        0x00000000   Number         0  acmp.o ABSOLUTE
    ..\\NUC230_240_FWLib\\src\\adc.c         0x00000000   Number         0  adc.o ABSOLUTE
    ..\\NUC230_240_FWLib\\src\\can.c         0x00000000   Number         0  can.o ABSOLUTE
    ..\\NUC230_240_FWLib\\src\\clk.c         0x00000000   Number         0  clk.o ABSOLUTE
    ..\\NUC230_240_FWLib\\src\\crc.c         0x00000000   Number         0  crc.o ABSOLUTE
    ..\\NUC230_240_FWLib\\src\\ebi.c         0x00000000   Number         0  ebi.o ABSOLUTE
    ..\\NUC230_240_FWLib\\src\\fmc.c         0x00000000   Number         0  fmc.o ABSOLUTE
    ..\\NUC230_240_FWLib\\src\\gpio.c        0x00000000   Number         0  gpio.o ABSOLUTE
    ..\\NUC230_240_FWLib\\src\\i2c.c         0x00000000   Number         0  i2c.o ABSOLUTE
    ..\\NUC230_240_FWLib\\src\\i2s.c         0x00000000   Number         0  i2s.o ABSOLUTE
    ..\\NUC230_240_FWLib\\src\\pdma.c        0x00000000   Number         0  pdma.o ABSOLUTE
    ..\\NUC230_240_FWLib\\src\\ps2.c         0x00000000   Number         0  ps2.o ABSOLUTE
    ..\\NUC230_240_FWLib\\src\\pwm.c         0x00000000   Number         0  pwm.o ABSOLUTE
    ..\\NUC230_240_FWLib\\src\\retarget.c    0x00000000   Number         0  retarget.o ABSOLUTE
    ..\\NUC230_240_FWLib\\src\\rtc.c         0x00000000   Number         0  rtc.o ABSOLUTE
    ..\\NUC230_240_FWLib\\src\\sc.c          0x00000000   Number         0  sc.o ABSOLUTE
    ..\\NUC230_240_FWLib\\src\\scuart.c      0x00000000   Number         0  scuart.o ABSOLUTE
    ..\\NUC230_240_FWLib\\src\\spi.c         0x00000000   Number         0  spi.o ABSOLUTE
    ..\\NUC230_240_FWLib\\src\\sys.c         0x00000000   Number         0  sys.o ABSOLUTE
    ..\\NUC230_240_FWLib\\src\\timer.c       0x00000000   Number         0  timer.o ABSOLUTE
    ..\\NUC230_240_FWLib\\src\\uart.c        0x00000000   Number         0  uart.o ABSOLUTE
    ..\\NUC230_240_FWLib\\src\\usbd.c        0x00000000   Number         0  usbd.o ABSOLUTE
    ..\\NUC230_240_FWLib\\src\\wdt.c         0x00000000   Number         0  wdt.o ABSOLUTE
    ..\\NUC230_240_FWLib\\src\\wwdt.c        0x00000000   Number         0  wwdt.o ABSOLUTE
    dc.s                                     0x00000000   Number         0  dc.o ABSOLUTE
    main.c                                   0x00000000   Number         0  main.o ABSOLUTE
    main.c                                   0x00000000   Number         0  main.o ABSOLUTE
    !!!main                                  0x000000c0   Section        8  __main.o(!!!main)
    !!!scatter                               0x000000c8   Section       60  __scatter.o(!!!scatter)
    !!handler_copy                           0x00000104   Section       26  __scatter_copy.o(!!handler_copy)
    !!handler_zi                             0x00000120   Section       28  __scatter_zi.o(!!handler_zi)
    .ARM.Collect$$_printf_percent$$00000000  0x0000013c   Section        2  _printf_percent.o(.ARM.Collect$$_printf_percent$$00000000)
    .ARM.Collect$$_printf_percent$$00000009  0x0000013e   Section       10  _printf_d.o(.ARM.Collect$$_printf_percent$$00000009)
    .ARM.Collect$$_printf_percent$$0000000C  0x00000148   Section       10  _printf_x.o(.ARM.Collect$$_printf_percent$$0000000C)
    .ARM.Collect$$_printf_percent$$00000014  0x00000152   Section       10  _printf_s.o(.ARM.Collect$$_printf_percent$$00000014)
    .ARM.Collect$$_printf_percent$$00000017  0x0000015c   Section        4  _printf_percent_end.o(.ARM.Collect$$_printf_percent$$00000017)
    .ARM.Collect$$libinit$$00000000          0x00000160   Section        2  libinit.o(.ARM.Collect$$libinit$$00000000)
    .ARM.Collect$$libinit$$00000001          0x00000162   Section        4  libinit2.o(.ARM.Collect$$libinit$$00000001)
    .ARM.Collect$$libinit$$00000008          0x00000166   Section        0  libinit2.o(.ARM.Collect$$libinit$$00000008)
    .ARM.Collect$$libinit$$0000000A          0x00000166   Section        0  libinit2.o(.ARM.Collect$$libinit$$0000000A)
    .ARM.Collect$$libinit$$0000000C          0x00000166   Section        0  libinit2.o(.ARM.Collect$$libinit$$0000000C)
    .ARM.Collect$$libinit$$0000000F          0x00000166   Section        0  libinit2.o(.ARM.Collect$$libinit$$0000000F)
    .ARM.Collect$$libinit$$00000011          0x00000166   Section        0  libinit2.o(.ARM.Collect$$libinit$$00000011)
    .ARM.Collect$$libinit$$00000013          0x00000166   Section        0  libinit2.o(.ARM.Collect$$libinit$$00000013)
    .ARM.Collect$$libinit$$00000015          0x00000166   Section        0  libinit2.o(.ARM.Collect$$libinit$$00000015)
    .ARM.Collect$$libinit$$00000017          0x00000166   Section        0  libinit2.o(.ARM.Collect$$libinit$$00000017)
    .ARM.Collect$$libinit$$00000019          0x00000166   Section        0  libinit2.o(.ARM.Collect$$libinit$$00000019)
    .ARM.Collect$$libinit$$0000001B          0x00000166   Section        0  libinit2.o(.ARM.Collect$$libinit$$0000001B)
    .ARM.Collect$$libinit$$0000001D          0x00000166   Section        0  libinit2.o(.ARM.Collect$$libinit$$0000001D)
    .ARM.Collect$$libinit$$0000001F          0x00000166   Section        0  libinit2.o(.ARM.Collect$$libinit$$0000001F)
    .ARM.Collect$$libinit$$00000021          0x00000166   Section        0  libinit2.o(.ARM.Collect$$libinit$$00000021)
    .ARM.Collect$$libinit$$00000023          0x00000166   Section        0  libinit2.o(.ARM.Collect$$libinit$$00000023)
    .ARM.Collect$$libinit$$0000002A          0x00000166   Section        0  libinit2.o(.ARM.Collect$$libinit$$0000002A)
    .ARM.Collect$$libinit$$0000002C          0x00000166   Section        0  libinit2.o(.ARM.Collect$$libinit$$0000002C)
    .ARM.Collect$$libinit$$0000002E          0x00000166   Section        0  libinit2.o(.ARM.Collect$$libinit$$0000002E)
    .ARM.Collect$$libinit$$00000030          0x00000166   Section        0  libinit2.o(.ARM.Collect$$libinit$$00000030)
    .ARM.Collect$$libinit$$00000031          0x00000166   Section        2  libinit2.o(.ARM.Collect$$libinit$$00000031)
    .ARM.Collect$$libshutdown$$00000000      0x00000168   Section        2  libshutdown.o(.ARM.Collect$$libshutdown$$00000000)
    .ARM.Collect$$libshutdown$$00000003      0x0000016a   Section        0  libshutdown2.o(.ARM.Collect$$libshutdown$$00000003)
    .ARM.Collect$$libshutdown$$00000006      0x0000016a   Section        0  libshutdown2.o(.ARM.Collect$$libshutdown$$00000006)
    .ARM.Collect$$libshutdown$$00000009      0x0000016a   Section        0  libshutdown2.o(.ARM.Collect$$libshutdown$$00000009)
    .ARM.Collect$$libshutdown$$0000000B      0x0000016a   Section        0  libshutdown2.o(.ARM.Collect$$libshutdown$$0000000B)
    .ARM.Collect$$libshutdown$$0000000E      0x0000016a   Section        0  libshutdown2.o(.ARM.Collect$$libshutdown$$0000000E)
    .ARM.Collect$$libshutdown$$0000000F      0x0000016a   Section        2  libshutdown2.o(.ARM.Collect$$libshutdown$$0000000F)
    .ARM.Collect$$rtentry$$00000000          0x0000016c   Section        0  rtentry.o(.ARM.Collect$$rtentry$$00000000)
    .ARM.Collect$$rtentry$$00000002          0x0000016c   Section        0  rtentry2.o(.ARM.Collect$$rtentry$$00000002)
    .ARM.Collect$$rtentry$$00000004          0x0000016c   Section        6  rtentry4.o(.ARM.Collect$$rtentry$$00000004)
    .ARM.Collect$$rtentry$$00000009          0x00000172   Section        0  rtentry2.o(.ARM.Collect$$rtentry$$00000009)
    .ARM.Collect$$rtentry$$0000000A          0x00000172   Section        4  rtentry2.o(.ARM.Collect$$rtentry$$0000000A)
    .ARM.Collect$$rtentry$$0000000C          0x00000176   Section        0  rtentry2.o(.ARM.Collect$$rtentry$$0000000C)
    .ARM.Collect$$rtentry$$0000000D          0x00000176   Section        8  rtentry2.o(.ARM.Collect$$rtentry$$0000000D)
    .ARM.Collect$$rtexit$$00000000           0x0000017e   Section        2  rtexit.o(.ARM.Collect$$rtexit$$00000000)
    .ARM.Collect$$rtexit$$00000002           0x00000180   Section        0  rtexit2.o(.ARM.Collect$$rtexit$$00000002)
    .ARM.Collect$$rtexit$$00000003           0x00000180   Section        4  rtexit2.o(.ARM.Collect$$rtexit$$00000003)
    .ARM.Collect$$rtexit$$00000004           0x00000184   Section        6  rtexit2.o(.ARM.Collect$$rtexit$$00000004)
    .emb_text                                0x0000018c   Section       28  retarget.o(.emb_text)
    .emb_text                                0x000001a8   Section       56  rt_memcpy.o(.emb_text)
    .text                                    0x000001e0   Section        0  system_nuc230_240.o(.text)
    CLK_GetPLLClockFreq                      0x0000022f   Thumb Code   112  system_nuc230_240.o(.text)
    .text                                    0x000002c4   Section      100  startup_nuc230_240.o(.text)
    Default_Handler                          0x000002ef   Thumb Code     2  startup_nuc230_240.o(.text)
    .text                                    0x00000328   Section        0  main.o(.text)
    .text                                    0x00000334   Section        0  can.o(.text)
    GetFreeIF                                0x00000335   Thumb Code    38  can.o(.text)
    .text                                    0x00000cf8   Section        0  clk.o(.text)
    CLK_GetPLLClockFreq                      0x0000128b   Thumb Code   112  clk.o(.text)
    .text                                    0x00001320   Section        0  gpio.o(.text)
    .text                                    0x00001384   Section        0  retarget.o(.text)
    stackDump                                0x00001385   Thumb Code    70  retarget.o(.text)
    __tagsym$$used                           0x000013cb   Number         0  retarget.o(.text)
    .text                                    0x000014f8   Section        0  sys.o(.text)
    .text                                    0x000015d0   Section        0  timer.o(.text)
    .text                                    0x0000181c   Section        0  uart.o(.text)
    CLK_GetPLLClockFreq                      0x0000181d   Thumb Code   112  uart.o(.text)
    NVIC_EnableIRQ                           0x00001c35   Thumb Code    14  uart.o(.text)
    NVIC_DisableIRQ                          0x00001c43   Thumb Code    16  uart.o(.text)
    .text                                    0x00001c58   Section        0  wdt.o(.text)
    .text                                    0x00001c74   Section        0  bsp.o(.text)
    SYS_UnlockReg                            0x00001c75   Thumb Code    26  bsp.o(.text)
    .text                                    0x00001ee0   Section        0  bsp_can.o(.text)
    CANReceivedProtocol                      0x00001f1f   Thumb Code    86  bsp_can.o(.text)
    NVIC_SetPriority                         0x0000255f   Thumb Code   110  bsp_can.o(.text)
    .text                                    0x000025f4   Section        0  bsp_io.o(.text)
    .text                                    0x00002b6c   Section        0  noretval__2printf.o(.text)
    .text                                    0x00002b88   Section        0  _printf_str.o(.text)
    .text                                    0x00002bdc   Section        0  _printf_dec.o(.text)
    .text                                    0x00002c48   Section        0  _printf_hex_int.o(.text)
    .text                                    0x00002ca0   Section        0  __printf_wp.o(.text)
    .text                                    0x00002dae   Section        0  rt_memcpy.o(.text)
    .text                                    0x00002e30   Section      346  aeabi_sdiv.o(.text)
    .text                                    0x00002f8a   Section        0  heapauxi.o(.text)
    .text                                    0x00002f90   Section        0  _printf_intcommon.o(.text)
    .text                                    0x00003040   Section        0  _printf_char.o(.text)
    .text                                    0x00003070   Section        0  _printf_char_file.o(.text)
    .text                                    0x00003098   Section        0  rtudiv10.o(.text)
    .text                                    0x000030c0   Section        0  _printf_char_common.o(.text)
    _printf_input_char                       0x000030c1   Thumb Code    10  _printf_char_common.o(.text)
    .text                                    0x000030f0   Section       62  sys_stackheap_outer.o(.text)
    .text                                    0x0000312e   Section        0  exit.o(.text)
    .text                                    0x0000313c   Section        8  libspace.o(.text)
    .text                                    0x00003144   Section        0  sys_exit.o(.text)
    .text                                    0x00003150   Section        2  use_no_semi.o(.text)
    .text                                    0x00003152   Section        0  indicate_semi.o(.text)
    i._is_digit                              0x00003152   Section        0  __printf_wp.o(i._is_digit)
    .constdata                               0x00003160   Section       56  clk.o(.constdata)
    .constdata                               0x00003198   Section       32  timer.o(.constdata)
    .constdata                               0x000031b8   Section       48  uart.o(.constdata)
    .constdata                               0x000031e8   Section       40  _printf_hex_int.o(.constdata)
    uc_hextab                                0x000031e8   Data          20  _printf_hex_int.o(.constdata)
    lc_hextab                                0x000031fc   Data          20  _printf_hex_int.o(.constdata)
    .data                                    0x20000000   Section       44  system_nuc230_240.o(.data)
    .data                                    0x2000002c   Section        8  retarget.o(.data)
    .data                                    0x20000034   Section       18  bsp_can.o(.data)
    SendMSGNum                               0x20000045   Data           1  bsp_can.o(.data)
    .data                                    0x20000046   Section       19  bsp_io.o(.data)
    ucKeyDownTimeCnt1                        0x20000046   Data           1  bsp_io.o(.data)
    ucKeyDownTimeCnt2                        0x20000047   Data           1  bsp_io.o(.data)
    ucKeyUpTimeCnt1                          0x20000048   Data           1  bsp_io.o(.data)
    ucKeyUpTimeCnt2                          0x20000049   Data           1  bsp_io.o(.data)
    TIMER0flg                                0x2000004e   Data           1  bsp_io.o(.data)
    ErrID                                    0x2000004f   Data           1  bsp_io.o(.data)
    ReturnValue                              0x20000050   Data           1  bsp_io.o(.data)
    ReturnValue                              0x20000051   Data           1  bsp_io.o(.data)
    StrExecuteMsg                            0x20000052   Data           3  bsp_io.o(.data)
    ErrIDtmp                                 0x20000055   Data           1  bsp_io.o(.data)
    ErrAlarmFlag                             0x20000056   Data           1  bsp_io.o(.data)
    AlarmTimeCnt                             0x20000057   Data           1  bsp_io.o(.data)
    SendIntervalTimeCnt                      0x20000058   Data           1  bsp_io.o(.data)
    .bss                                     0x2000005c   Section      344  bsp_can.o(.bss)
    .bss                                     0x200001b4   Section       60  bsp_io.o(.bss)
    StrMsgToSend                             0x200001b4   Data          20  bsp_io.o(.bss)
    StrMsgToSendTmp                          0x200001c8   Data          20  bsp_io.o(.bss)
    StrMsgReceived                           0x200001dc   Data          20  bsp_io.o(.bss)
    .bss                                     0x200001f0   Section       96  libspace.o(.bss)
    HEAP                                     0x20000250   Section        0  startup_nuc230_240.o(HEAP)
    STACK                                    0x20000250   Section     1024  startup_nuc230_240.o(STACK)
    Heap_Mem                                 0x20000250   Data           0  startup_nuc230_240.o(HEAP)
    Stack_Mem                                0x20000250   Data        1024  startup_nuc230_240.o(STACK)
    __initial_sp                             0x20000650   Data           0  startup_nuc230_240.o(STACK)

    Global Symbols

    Symbol Name                              Value     Ov Type        Size  Object(Section)

    BuildAttributes$$THM_ISAv3M$S$PE$A:L22$X:L11$S22$IEEE1$IW$USESV6$~STKCKD$USESV7$~SHL$OSPACE$ROPI$EBA8$UX$STANDARDLIB$REQ8$PRES8$EABIv2 0x00000000   Number         0  anon$$obj.o ABSOLUTE
    __ARM_use_no_argv                        0x00000000   Number         0  main.o ABSOLUTE
    __Vectors                                0x00000000   Data           4  startup_nuc230_240.o(RESET)
    _printf_flags                            0x00000000   Number         0  printf_stubs.o ABSOLUTE
    _printf_return_value                     0x00000000   Number         0  printf_stubs.o ABSOLUTE
    _printf_sizespec                         0x00000000   Number         0  printf_stubs.o ABSOLUTE
    _printf_widthprec                        0x00000000   Number         0  printf_stubs.o ABSOLUTE
    __ARM_exceptions_init                     - Undefined Weak Reference
    __alloca_initialize                       - Undefined Weak Reference
    __cpp_initialize__aeabi_                  - Undefined Weak Reference
    __cxa_finalize                            - Undefined Weak Reference
    __rt_locale                               - Undefined Weak Reference
    __sigvec_lookup                           - Undefined Weak Reference
    _atexit_init                              - Undefined Weak Reference
    _call_atexit_fns                          - Undefined Weak Reference
    _clock_init                               - Undefined Weak Reference
    _fp_trap_init                             - Undefined Weak Reference
    _fp_trap_shutdown                         - Undefined Weak Reference
    _get_lc_collate                           - Undefined Weak Reference
    _get_lc_ctype                             - Undefined Weak Reference
    _get_lc_monetary                          - Undefined Weak Reference
    _get_lc_numeric                           - Undefined Weak Reference
    _get_lc_time                              - Undefined Weak Reference
    _getenv_init                              - Undefined Weak Reference
    _handle_redirection                       - Undefined Weak Reference
    _init_alloc                               - Undefined Weak Reference
    _init_user_alloc                          - Undefined Weak Reference
    _initio                                   - Undefined Weak Reference
    _printf_mbtowc                            - Undefined Weak Reference
    _printf_post_padding                      - Undefined Weak Reference
    _printf_pre_padding                       - Undefined Weak Reference
    _printf_truncate_signed                   - Undefined Weak Reference
    _printf_truncate_unsigned                 - Undefined Weak Reference
    _rand_init                                - Undefined Weak Reference
    _signal_finish                            - Undefined Weak Reference
    _signal_init                              - Undefined Weak Reference
    _terminate_alloc                          - Undefined Weak Reference
    _terminate_user_alloc                     - Undefined Weak Reference
    _terminateio                              - Undefined Weak Reference
    __main                                   0x000000c1   Thumb Code     8  __main.o(!!!main)
    __scatterload                            0x000000c9   Thumb Code     0  __scatter.o(!!!scatter)
    __scatterload_rt2                        0x000000c9   Thumb Code    52  __scatter.o(!!!scatter)
    __scatterload_rt2_thumb_only             0x000000c9   Thumb Code     0  __scatter.o(!!!scatter)
    __scatterload_null                       0x000000d9   Thumb Code     0  __scatter.o(!!!scatter)
    __scatterload_copy                       0x00000105   Thumb Code    26  __scatter_copy.o(!!handler_copy)
    __scatterload_zeroinit                   0x00000121   Thumb Code    28  __scatter_zi.o(!!handler_zi)
    _printf_percent                          0x0000013d   Thumb Code     0  _printf_percent.o(.ARM.Collect$$_printf_percent$$00000000)
    _printf_d                                0x0000013f   Thumb Code     0  _printf_d.o(.ARM.Collect$$_printf_percent$$00000009)
    _printf_x                                0x00000149   Thumb Code     0  _printf_x.o(.ARM.Collect$$_printf_percent$$0000000C)
    _printf_s                                0x00000153   Thumb Code     0  _printf_s.o(.ARM.Collect$$_printf_percent$$00000014)
    _printf_percent_end                      0x0000015d   Thumb Code     0  _printf_percent_end.o(.ARM.Collect$$_printf_percent$$00000017)
    __rt_lib_init                            0x00000161   Thumb Code     0  libinit.o(.ARM.Collect$$libinit$$00000000)
    __rt_lib_init_fp_1                       0x00000163   Thumb Code     0  libinit2.o(.ARM.Collect$$libinit$$00000001)
    __rt_lib_init_alloca_1                   0x00000167   Thumb Code     0  libinit2.o(.ARM.Collect$$libinit$$0000002C)
    __rt_lib_init_argv_1                     0x00000167   Thumb Code     0  libinit2.o(.ARM.Collect$$libinit$$0000002A)
    __rt_lib_init_atexit_1                   0x00000167   Thumb Code     0  libinit2.o(.ARM.Collect$$libinit$$00000019)
    __rt_lib_init_clock_1                    0x00000167   Thumb Code     0  libinit2.o(.ARM.Collect$$libinit$$0000001F)
    __rt_lib_init_cpp_1                      0x00000167   Thumb Code     0  libinit2.o(.ARM.Collect$$libinit$$00000030)
    __rt_lib_init_exceptions_1               0x00000167   Thumb Code     0  libinit2.o(.ARM.Collect$$libinit$$0000002E)
    __rt_lib_init_fp_trap_1                  0x00000167   Thumb Code     0  libinit2.o(.ARM.Collect$$libinit$$0000001D)
    __rt_lib_init_getenv_1                   0x00000167   Thumb Code     0  libinit2.o(.ARM.Collect$$libinit$$00000021)
    __rt_lib_init_heap_1                     0x00000167   Thumb Code     0  libinit2.o(.ARM.Collect$$libinit$$00000008)
    __rt_lib_init_lc_collate_1               0x00000167   Thumb Code     0  libinit2.o(.ARM.Collect$$libinit$$0000000F)
    __rt_lib_init_lc_ctype_1                 0x00000167   Thumb Code     0  libinit2.o(.ARM.Collect$$libinit$$00000011)
    __rt_lib_init_lc_monetary_1              0x00000167   Thumb Code     0  libinit2.o(.ARM.Collect$$libinit$$00000013)
    __rt_lib_init_lc_numeric_1               0x00000167   Thumb Code     0  libinit2.o(.ARM.Collect$$libinit$$00000015)
    __rt_lib_init_lc_time_1                  0x00000167   Thumb Code     0  libinit2.o(.ARM.Collect$$libinit$$00000017)
    __rt_lib_init_rand_1                     0x00000167   Thumb Code     0  libinit2.o(.ARM.Collect$$libinit$$0000000C)
    __rt_lib_init_return                     0x00000167   Thumb Code     0  libinit2.o(.ARM.Collect$$libinit$$00000031)
    __rt_lib_init_signal_1                   0x00000167   Thumb Code     0  libinit2.o(.ARM.Collect$$libinit$$0000001B)
    __rt_lib_init_stdio_1                    0x00000167   Thumb Code     0  libinit2.o(.ARM.Collect$$libinit$$00000023)
    __rt_lib_init_user_alloc_1               0x00000167   Thumb Code     0  libinit2.o(.ARM.Collect$$libinit$$0000000A)
    __rt_lib_shutdown                        0x00000169   Thumb Code     0  libshutdown.o(.ARM.Collect$$libshutdown$$00000000)
    __rt_lib_shutdown_fp_trap_1              0x0000016b   Thumb Code     0  libshutdown2.o(.ARM.Collect$$libshutdown$$00000006)
    __rt_lib_shutdown_heap_1                 0x0000016b   Thumb Code     0  libshutdown2.o(.ARM.Collect$$libshutdown$$0000000E)
    __rt_lib_shutdown_return                 0x0000016b   Thumb Code     0  libshutdown2.o(.ARM.Collect$$libshutdown$$0000000F)
    __rt_lib_shutdown_signal_1               0x0000016b   Thumb Code     0  libshutdown2.o(.ARM.Collect$$libshutdown$$00000009)
    __rt_lib_shutdown_stdio_1                0x0000016b   Thumb Code     0  libshutdown2.o(.ARM.Collect$$libshutdown$$00000003)
    __rt_lib_shutdown_user_alloc_1           0x0000016b   Thumb Code     0  libshutdown2.o(.ARM.Collect$$libshutdown$$0000000B)
    __rt_entry                               0x0000016d   Thumb Code     0  rtentry.o(.ARM.Collect$$rtentry$$00000000)
    __rt_entry_presh_1                       0x0000016d   Thumb Code     0  rtentry2.o(.ARM.Collect$$rtentry$$00000002)
    __rt_entry_sh                            0x0000016d   Thumb Code     0  rtentry4.o(.ARM.Collect$$rtentry$$00000004)
    __rt_entry_li                            0x00000173   Thumb Code     0  rtentry2.o(.ARM.Collect$$rtentry$$0000000A)
    __rt_entry_postsh_1                      0x00000173   Thumb Code     0  rtentry2.o(.ARM.Collect$$rtentry$$00000009)
    __rt_entry_main                          0x00000177   Thumb Code     0  rtentry2.o(.ARM.Collect$$rtentry$$0000000D)
    __rt_entry_postli_1                      0x00000177   Thumb Code     0  rtentry2.o(.ARM.Collect$$rtentry$$0000000C)
    __rt_exit                                0x0000017f   Thumb Code     0  rtexit.o(.ARM.Collect$$rtexit$$00000000)
    __rt_exit_ls                             0x00000181   Thumb Code     0  rtexit2.o(.ARM.Collect$$rtexit$$00000003)
    __rt_exit_prels_1                        0x00000181   Thumb Code     0  rtexit2.o(.ARM.Collect$$rtexit$$00000002)
    __rt_exit_exit                           0x00000185   Thumb Code     0  rtexit2.o(.ARM.Collect$$rtexit$$00000004)
    HardFault_Handler                        0x0000018d   Thumb Code    24  retarget.o(.emb_text)
    __aeabi_memcpy4                          0x000001a9   Thumb Code    56  rt_memcpy.o(.emb_text)
    __aeabi_memcpy8                          0x000001a9   Thumb Code     0  rt_memcpy.o(.emb_text)
    SystemCoreClockUpdate                    0x000001e1   Thumb Code    76  system_nuc230_240.o(.text)
    SystemInit                               0x0000022d   Thumb Code     2  system_nuc230_240.o(.text)
    Reset_Handler                            0x000002c5   Thumb Code    32  startup_nuc230_240.o(.text)
    NMI_Handler                              0x000002e5   Thumb Code     2  startup_nuc230_240.o(.text)
    SVC_Handler                              0x000002e9   Thumb Code     2  startup_nuc230_240.o(.text)
    PendSV_Handler                           0x000002eb   Thumb Code     2  startup_nuc230_240.o(.text)
    SysTick_Handler                          0x000002ed   Thumb Code     2  startup_nuc230_240.o(.text)
    ACMP_IRQHandler                          0x000002ef   Thumb Code     0  startup_nuc230_240.o(.text)
    ADC_IRQHandler                           0x000002ef   Thumb Code     0  startup_nuc230_240.o(.text)
    BOD_IRQHandler                           0x000002ef   Thumb Code     0  startup_nuc230_240.o(.text)
    CAN1_IRQHandler                          0x000002ef   Thumb Code     0  startup_nuc230_240.o(.text)
    EINT0_IRQHandler                         0x000002ef   Thumb Code     0  startup_nuc230_240.o(.text)
    EINT1_IRQHandler                         0x000002ef   Thumb Code     0  startup_nuc230_240.o(.text)
    GPAB_IRQHandler                          0x000002ef   Thumb Code     0  startup_nuc230_240.o(.text)
    GPCDEF_IRQHandler                        0x000002ef   Thumb Code     0  startup_nuc230_240.o(.text)
    I2C0_IRQHandler                          0x000002ef   Thumb Code     0  startup_nuc230_240.o(.text)
    I2C1_IRQHandler                          0x000002ef   Thumb Code     0  startup_nuc230_240.o(.text)
    I2S_IRQHandler                           0x000002ef   Thumb Code     0  startup_nuc230_240.o(.text)
    PDMA_IRQHandler                          0x000002ef   Thumb Code     0  startup_nuc230_240.o(.text)
    PS2_IRQHandler                           0x000002ef   Thumb Code     0  startup_nuc230_240.o(.text)
    PWMA_IRQHandler                          0x000002ef   Thumb Code     0  startup_nuc230_240.o(.text)
    PWMB_IRQHandler                          0x000002ef   Thumb Code     0  startup_nuc230_240.o(.text)
    PWRWU_IRQHandler                         0x000002ef   Thumb Code     0  startup_nuc230_240.o(.text)
    RTC_IRQHandler                           0x000002ef   Thumb Code     0  startup_nuc230_240.o(.text)
    SC012_IRQHandler                         0x000002ef   Thumb Code     0  startup_nuc230_240.o(.text)
    SPI0_IRQHandler                          0x000002ef   Thumb Code     0  startup_nuc230_240.o(.text)
    SPI1_IRQHandler                          0x000002ef   Thumb Code     0  startup_nuc230_240.o(.text)
    SPI2_IRQHandler                          0x000002ef   Thumb Code     0  startup_nuc230_240.o(.text)
    SPI3_IRQHandler                          0x000002ef   Thumb Code     0  startup_nuc230_240.o(.text)
    TMR1_IRQHandler                          0x000002ef   Thumb Code     0  startup_nuc230_240.o(.text)
    TMR2_IRQHandler                          0x000002ef   Thumb Code     0  startup_nuc230_240.o(.text)
    TMR3_IRQHandler                          0x000002ef   Thumb Code     0  startup_nuc230_240.o(.text)
    UART02_IRQHandler                        0x000002ef   Thumb Code     0  startup_nuc230_240.o(.text)
    UART1_IRQHandler                         0x000002ef   Thumb Code     0  startup_nuc230_240.o(.text)
    USBD_IRQHandler                          0x000002ef   Thumb Code     0  startup_nuc230_240.o(.text)
    WDT_IRQHandler                           0x000002ef   Thumb Code     0  startup_nuc230_240.o(.text)
    __user_initial_stackheap                 0x000002f1   Thumb Code     0  startup_nuc230_240.o(.text)
    main                                     0x00000329   Thumb Code    12  main.o(.text)
    CAN_EnterInitMode                        0x0000035b   Thumb Code    18  can.o(.text)
    CAN_LeaveInitMode                        0x0000036d   Thumb Code    22  can.o(.text)
    CAN_WaitMsg                              0x00000383   Thumb Code    32  can.o(.text)
    CAN_GetCANBitRate                        0x000003a3   Thumb Code    62  can.o(.text)
    CAN_EnterTestMode                        0x000003e1   Thumb Code    12  can.o(.text)
    CAN_LeaveTestMode                        0x000003ed   Thumb Code    26  can.o(.text)
    CAN_IsNewDataReceived                    0x00000407   Thumb Code    40  can.o(.text)
    CAN_BasicSendMsg                         0x0000042f   Thumb Code   224  can.o(.text)
    CAN_BasicReceiveMsg                      0x0000050f   Thumb Code   196  can.o(.text)
    CAN_SetRxMsgObj                          0x000005d3   Thumb Code   254  can.o(.text)
    CAN_SetRxMsgObjAndMsk                    0x000006d1   Thumb Code   290  can.o(.text)
    CAN_ReadMsgObj                           0x000007f3   Thumb Code   212  can.o(.text)
    CAN_SetBaudRate                          0x000008c7   Thumb Code   176  can.o(.text)
    CAN_DisableInt                           0x00000977   Thumb Code    60  can.o(.text)
    CAN_Close                                0x000009b3   Thumb Code    14  can.o(.text)
    CAN_Open                                 0x000009c1   Thumb Code    34  can.o(.text)
    CAN_SetTxMsg                             0x000009e3   Thumb Code   306  can.o(.text)
    CAN_TriggerTxMsg                         0x00000b15   Thumb Code    50  can.o(.text)
    CAN_EnableInt                            0x00000b47   Thumb Code    76  can.o(.text)
    CAN_SetRxMsg                             0x00000b93   Thumb Code    54  can.o(.text)
    CAN_SetMultiRxMsg                        0x00000bc9   Thumb Code    92  can.o(.text)
    CAN_Transmit                             0x00000c25   Thumb Code    66  can.o(.text)
    CAN_Receive                              0x00000c67   Thumb Code    52  can.o(.text)
    CAN_CLR_INT_PENDING_BIT                  0x00000c9b   Thumb Code    92  can.o(.text)
    CLK_DisableModuleClock                   0x00000cf9   Thumb Code    52  clk.o(.text)
    CLK_DisableCKO                           0x00000d2d   Thumb Code    10  clk.o(.text)
    CLK_SetModuleClock                       0x00000d37   Thumb Code   228  clk.o(.text)
    CLK_EnableModuleClock                    0x00000e1b   Thumb Code    54  clk.o(.text)
    CLK_EnableCKO                            0x00000e51   Thumb Code    40  clk.o(.text)
    CLK_PowerDown                            0x00000e79   Thumb Code    30  clk.o(.text)
    CLK_Idle                                 0x00000e97   Thumb Code    28  clk.o(.text)
    CLK_GetHXTFreq                           0x00000eb3   Thumb Code    20  clk.o(.text)
    CLK_GetLXTFreq                           0x00000ec7   Thumb Code    20  clk.o(.text)
    CLK_GetHCLKFreq                          0x00000edb   Thumb Code    12  clk.o(.text)
    CLK_GetCPUFreq                           0x00000ee7   Thumb Code    12  clk.o(.text)
    CLK_GetPCLKFreq                          0x00000ef3   Thumb Code    12  clk.o(.text)
    CLK_SetHCLK                              0x00000eff   Thumb Code   102  clk.o(.text)
    CLK_WaitClockReady                       0x00000f65   Thumb Code    32  clk.o(.text)
    CLK_EnablePLL                            0x00000f85   Thumb Code   424  clk.o(.text)
    CLK_SetCoreClock                         0x0000112d   Thumb Code   224  clk.o(.text)
    CLK_SetSysTickClockSrc                   0x0000120d   Thumb Code    16  clk.o(.text)
    CLK_EnableXtalRC                         0x0000121d   Thumb Code    12  clk.o(.text)
    CLK_DisableXtalRC                        0x00001229   Thumb Code    12  clk.o(.text)
    CLK_DisablePLL                           0x00001235   Thumb Code    16  clk.o(.text)
    CLK_EnableSysTick                        0x00001245   Thumb Code    62  clk.o(.text)
    CLK_DisableSysTick                       0x00001283   Thumb Code     8  clk.o(.text)
    GPIO_SetMode                             0x00001321   Thumb Code    46  gpio.o(.text)
    GPIO_EnableInt                           0x0000134f   Thumb Code    26  gpio.o(.text)
    GPIO_DisableInt                          0x00001369   Thumb Code    22  gpio.o(.text)
    Hard_Fault_Handler                       0x000013cb   Thumb Code    18  retarget.o(.text)
    SendChar_ToUART                          0x000013dd   Thumb Code    48  retarget.o(.text)
    SendChar                                 0x0000140d   Thumb Code    12  retarget.o(.text)
    GetChar                                  0x00001419   Thumb Code    26  retarget.o(.text)
    kbhit                                    0x00001433   Thumb Code    14  retarget.o(.text)
    IsDebugFifoEmpty                         0x00001441   Thumb Code    14  retarget.o(.text)
    _ttywrch                                 0x0000144f   Thumb Code    12  retarget.o(.text)
    fputc                                    0x0000145b   Thumb Code    16  retarget.o(.text)
    fgetc                                    0x0000146b   Thumb Code    10  retarget.o(.text)
    ferror                                   0x00001475   Thumb Code     8  retarget.o(.text)
    SYS_ClearResetSrc                        0x000014f9   Thumb Code    16  sys.o(.text)
    SYS_GetBODStatus                         0x00001509   Thumb Code    14  sys.o(.text)
    SYS_GetResetSrc                          0x00001517   Thumb Code     8  sys.o(.text)
    SYS_IsRegLocked                          0x0000151f   Thumb Code    14  sys.o(.text)
    SYS_ReadPDID                             0x0000152d   Thumb Code     8  sys.o(.text)
    SYS_ResetChip                            0x00001535   Thumb Code    18  sys.o(.text)
    SYS_ResetCPU                             0x00001547   Thumb Code    18  sys.o(.text)
    SYS_ResetModule                          0x00001559   Thumb Code    48  sys.o(.text)
    SYS_EnableBOD                            0x00001589   Thumb Code    50  sys.o(.text)
    SYS_DisableBOD                           0x000015bb   Thumb Code    18  sys.o(.text)
    TIMER_GetModuleClock                     0x000015d1   Thumb Code   110  timer.o(.text)
    TIMER_Open                               0x0000163f   Thumb Code   118  timer.o(.text)
    TIMER_Close                              0x000016b5   Thumb Code     8  timer.o(.text)
    TIMER_Delay                              0x000016bd   Thumb Code   246  timer.o(.text)
    TIMER_EnableCapture                      0x000017b3   Thumb Code    20  timer.o(.text)
    TIMER_DisableCapture                     0x000017c7   Thumb Code    10  timer.o(.text)
    TIMER_EnableEventCounter                 0x000017d1   Thumb Code    22  timer.o(.text)
    TIMER_DisableEventCounter                0x000017e7   Thumb Code    12  timer.o(.text)
    UART_ClearIntFlag                        0x0000188d   Thumb Code    70  uart.o(.text)
    UART_Close                               0x000018d3   Thumb Code     6  uart.o(.text)
    UART_DisableFlowCtrl                     0x000018d9   Thumb Code    12  uart.o(.text)
    UART_DisableInt                          0x000018e5   Thumb Code    48  uart.o(.text)
    UART_EnableFlowCtrl                      0x00001915   Thumb Code    30  uart.o(.text)
    UART_EnableInt                           0x00001933   Thumb Code    48  uart.o(.text)
    UART_Open                                0x00001963   Thumb Code   166  uart.o(.text)
    UART_Read                                0x00001a09   Thumb Code    54  uart.o(.text)
    UART_SetLine_Config                      0x00001a3f   Thumb Code   172  uart.o(.text)
    UART_SetTimeoutCnt                       0x00001aeb   Thumb Code    22  uart.o(.text)
    UART_SelectIrDAMode                      0x00001b01   Thumb Code   154  uart.o(.text)
    UART_SelectRS485Mode                     0x00001b9b   Thumb Code    26  uart.o(.text)
    UART_SelectLINMode                       0x00001bb5   Thumb Code    26  uart.o(.text)
    UART_Write                               0x00001bcf   Thumb Code   102  uart.o(.text)
    WDT_Open                                 0x00001c59   Thumb Code    24  wdt.o(.text)
    bsp_DelayMS                              0x00001c8f   Thumb Code    28  bsp.o(.text)
    bsp_DelayUs                              0x00001cab   Thumb Code    28  bsp.o(.text)
    CircularBufferInit                       0x00001cc7   Thumb Code    12  bsp.o(.text)
    CBFreeDataLenght                         0x00001cd3   Thumb Code    18  bsp.o(.text)
    CBWriteOne                               0x00001ce5   Thumb Code    64  bsp.o(.text)
    CBReadOne                                0x00001d25   Thumb Code    54  bsp.o(.text)
    CBFreeData                               0x00001d5b   Thumb Code     6  bsp.o(.text)
    SYS_Init                                 0x00001d61   Thumb Code   148  bsp.o(.text)
    UART0_Init                               0x00001df5   Thumb Code    20  bsp.o(.text)
    TIMER0_Init                              0x00001e09   Thumb Code    46  bsp.o(.text)
    WDT_Init                                 0x00001e37   Thumb Code    34  bsp.o(.text)
    bsp_Init                                 0x00001e59   Thumb Code    70  bsp.o(.text)
    CAN_ShowMsg                              0x00001ee1   Thumb Code    62  bsp_can.o(.text)
    CAN_MsgInterrupt                         0x00001f75   Thumb Code   198  bsp_can.o(.text)
    CAN0_IRQHandler                          0x0000203b   Thumb Code   170  bsp_can.o(.text)
    Test_NormalMode_Rx                       0x000020e5   Thumb Code   108  bsp_can.o(.text)
    Test_NormalMode_Tx                       0x00002151   Thumb Code    54  bsp_can.o(.text)
    CANExecuteMsg                            0x00002187   Thumb Code   178  bsp_can.o(.text)
    FrameToSend                              0x00002239   Thumb Code   766  bsp_can.o(.text)
    bsp_CANInit                              0x00002537   Thumb Code    40  bsp_can.o(.text)
    bsp_InitGPIO                             0x000025f5   Thumb Code   152  bsp_io.o(.text)
    InputOutput_TEST                         0x0000268d   Thumb Code   204  bsp_io.o(.text)
    Input_scan                               0x00002759   Thumb Code   190  bsp_io.o(.text)
    ControlAction                            0x00002817   Thumb Code   200  bsp_io.o(.text)
    Output                                   0x000028df   Thumb Code   554  bsp_io.o(.text)
    TMR0_IRQHandler                          0x00002b09   Thumb Code    48  bsp_io.o(.text)
    __2printf                                0x00002b6d   Thumb Code    22  noretval__2printf.o(.text)
    _printf_str                              0x00002b89   Thumb Code    82  _printf_str.o(.text)
    _printf_int_dec                          0x00002bdd   Thumb Code    90  _printf_dec.o(.text)
    _printf_int_hex                          0x00002c49   Thumb Code    84  _printf_hex_int.o(.text)
    _printf_longlong_hex                     0x00002c49   Thumb Code     0  _printf_hex_int.o(.text)
    __printf                                 0x00002ca1   Thumb Code   270  __printf_wp.o(.text)
    __aeabi_memcpy                           0x00002daf   Thumb Code   130  rt_memcpy.o(.text)
    __rt_memcpy                              0x00002daf   Thumb Code     0  rt_memcpy.o(.text)
    __aeabi_uidiv                            0x00002e31   Thumb Code     0  aeabi_sdiv.o(.text)
    __aeabi_uidivmod                         0x00002e31   Thumb Code    20  aeabi_sdiv.o(.text)
    __aeabi_idiv                             0x00002e45   Thumb Code     0  aeabi_sdiv.o(.text)
    __aeabi_idivmod                          0x00002e45   Thumb Code   326  aeabi_sdiv.o(.text)
    __use_two_region_memory                  0x00002f8b   Thumb Code     2  heapauxi.o(.text)
    __rt_heap_escrow$2region                 0x00002f8d   Thumb Code     2  heapauxi.o(.text)
    __rt_heap_expand$2region                 0x00002f8f   Thumb Code     2  heapauxi.o(.text)
    _printf_int_common                       0x00002f91   Thumb Code   176  _printf_intcommon.o(.text)
    _printf_cs_common                        0x00003041   Thumb Code    22  _printf_char.o(.text)
    _printf_char                             0x00003057   Thumb Code    16  _printf_char.o(.text)
    _printf_string                           0x00003067   Thumb Code     8  _printf_char.o(.text)
    _printf_char_file                        0x00003071   Thumb Code    34  _printf_char_file.o(.text)
    __rt_udiv10                              0x00003099   Thumb Code    40  rtudiv10.o(.text)
    _printf_char_common                      0x000030cb   Thumb Code    32  _printf_char_common.o(.text)
    __user_setup_stackheap                   0x000030f1   Thumb Code    62  sys_stackheap_outer.o(.text)
    exit                                     0x0000312f   Thumb Code    12  exit.o(.text)
    __user_libspace                          0x0000313d   Thumb Code     8  libspace.o(.text)
    __user_perproc_libspace                  0x0000313d   Thumb Code     0  libspace.o(.text)
    __user_perthread_libspace                0x0000313d   Thumb Code     0  libspace.o(.text)
    _sys_exit                                0x00003145   Thumb Code     8  sys_exit.o(.text)
    __I$use$semihosting                      0x00003151   Thumb Code     0  use_no_semi.o(.text)
    __use_no_semihosting_swi                 0x00003151   Thumb Code     2  use_no_semi.o(.text)
    __semihosting_library_function           0x00003153   Thumb Code     0  indicate_semi.o(.text)
    _is_digit                                0x00003153   Thumb Code    14  __printf_wp.o(i._is_digit)
    Region$$Table$$Base                      0x00003210   Number         0  anon$$obj.o(Region$$Table)
    Region$$Table$$Limit                     0x00003230   Number         0  anon$$obj.o(Region$$Table)
    SystemCoreClock                          0x20000000   Data           4  system_nuc230_240.o(.data)
    CyclesPerUs                              0x20000004   Data           4  system_nuc230_240.o(.data)
    PllClock                                 0x20000008   Data           4  system_nuc230_240.o(.data)
    gau32ClkSrcTbl                           0x2000000c   Data          32  system_nuc230_240.o(.data)
    __stdout                                 0x2000002c   Data           4  retarget.o(.data)
    __stdin                                  0x20000030   Data           4  retarget.o(.data)
    CANCircularBuf_RX                        0x20000034   Data           8  bsp_can.o(.data)
    CANCircularBuf_TX                        0x2000003c   Data           8  bsp_can.o(.data)
    HandleTimeCnt                            0x20000044   Data           1  bsp_can.o(.data)
    App_Flag                                 0x2000004a   Data           4  bsp_io.o(.data)
    rrMsg                                    0x2000005c   Data          24  bsp_can.o(.bss)
    CAN_RxBuf                                0x20000074   Data         160  bsp_can.o(.bss)
    CAN_TxBuf                                0x20000114   Data         160  bsp_can.o(.bss)
    __libspace_start                         0x200001f0   Data          96  libspace.o(.bss)
    __temporary_stack_top$libspace           0x20000250   Data           0  libspace.o(.bss)



==============================================================================

Memory Map of the image

  Image Entry point : 0x000002c5

  Load Region LR_IROM1 (Base: 0x00000000, Size: 0x0000328c, Max: 0x00020000, ABSOLUTE)

    Execution Region ER_IROM1 (Base: 0x00000000, Size: 0x00003230, Max: 0x00020000, ABSOLUTE)

    Base Addr    Size         Type   Attr      Idx    E Section Name        Object

    0x00000000   0x000000c0   Data   RO          117    RESET               startup_nuc230_240.o
    0x000000c0   0x00000008   Code   RO          925  * !!!main             c_p.l(__main.o)
    0x000000c8   0x0000003c   Code   RO         1102    !!!scatter          c_p.l(__scatter.o)
    0x00000104   0x0000001a   Code   RO         1104    !!handler_copy      c_p.l(__scatter_copy.o)
    0x0000011e   0x00000002   PAD
    0x00000120   0x0000001c   Code   RO         1106    !!handler_zi        c_p.l(__scatter_zi.o)
    0x0000013c   0x00000002   Code   RO          914    .ARM.Collect$$_printf_percent$$00000000  c_p.l(_printf_percent.o)
    0x0000013e   0x0000000a   Code   RO          913    .ARM.Collect$$_printf_percent$$00000009  c_p.l(_printf_d.o)
    0x00000148   0x0000000a   Code   RO          912    .ARM.Collect$$_printf_percent$$0000000C  c_p.l(_printf_x.o)
    0x00000152   0x0000000a   Code   RO          911    .ARM.Collect$$_printf_percent$$00000014  c_p.l(_printf_s.o)
    0x0000015c   0x00000004   Code   RO          938    .ARM.Collect$$_printf_percent$$00000017  c_p.l(_printf_percent_end.o)
    0x00000160   0x00000002   Code   RO          976    .ARM.Collect$$libinit$$00000000  c_p.l(libinit.o)
    0x00000162   0x00000004   Code   RO          989    .ARM.Collect$$libinit$$00000001  c_p.l(libinit2.o)
    0x00000166   0x00000000   Code   RO          993    .ARM.Collect$$libinit$$00000008  c_p.l(libinit2.o)
    0x00000166   0x00000000   Code   RO          995    .ARM.Collect$$libinit$$0000000A  c_p.l(libinit2.o)
    0x00000166   0x00000000   Code   RO          997    .ARM.Collect$$libinit$$0000000C  c_p.l(libinit2.o)
    0x00000166   0x00000000   Code   RO         1000    .ARM.Collect$$libinit$$0000000F  c_p.l(libinit2.o)
    0x00000166   0x00000000   Code   RO         1002    .ARM.Collect$$libinit$$00000011  c_p.l(libinit2.o)
    0x00000166   0x00000000   Code   RO         1004    .ARM.Collect$$libinit$$00000013  c_p.l(libinit2.o)
    0x00000166   0x00000000   Code   RO         1006    .ARM.Collect$$libinit$$00000015  c_p.l(libinit2.o)
    0x00000166   0x00000000   Code   RO         1008    .ARM.Collect$$libinit$$00000017  c_p.l(libinit2.o)
    0x00000166   0x00000000   Code   RO         1010    .ARM.Collect$$libinit$$00000019  c_p.l(libinit2.o)
    0x00000166   0x00000000   Code   RO         1012    .ARM.Collect$$libinit$$0000001B  c_p.l(libinit2.o)
    0x00000166   0x00000000   Code   RO         1014    .ARM.Collect$$libinit$$0000001D  c_p.l(libinit2.o)
    0x00000166   0x00000000   Code   RO         1016    .ARM.Collect$$libinit$$0000001F  c_p.l(libinit2.o)
    0x00000166   0x00000000   Code   RO         1018    .ARM.Collect$$libinit$$00000021  c_p.l(libinit2.o)
    0x00000166   0x00000000   Code   RO         1020    .ARM.Collect$$libinit$$00000023  c_p.l(libinit2.o)
    0x00000166   0x00000000   Code   RO         1024    .ARM.Collect$$libinit$$0000002A  c_p.l(libinit2.o)
    0x00000166   0x00000000   Code   RO         1026    .ARM.Collect$$libinit$$0000002C  c_p.l(libinit2.o)
    0x00000166   0x00000000   Code   RO         1028    .ARM.Collect$$libinit$$0000002E  c_p.l(libinit2.o)
    0x00000166   0x00000000   Code   RO         1030    .ARM.Collect$$libinit$$00000030  c_p.l(libinit2.o)
    0x00000166   0x00000002   Code   RO         1031    .ARM.Collect$$libinit$$00000031  c_p.l(libinit2.o)
    0x00000168   0x00000002   Code   RO         1060    .ARM.Collect$$libshutdown$$00000000  c_p.l(libshutdown.o)
    0x0000016a   0x00000000   Code   RO         1087    .ARM.Collect$$libshutdown$$00000003  c_p.l(libshutdown2.o)
    0x0000016a   0x00000000   Code   RO         1090    .ARM.Collect$$libshutdown$$00000006  c_p.l(libshutdown2.o)
    0x0000016a   0x00000000   Code   RO         1093    .ARM.Collect$$libshutdown$$00000009  c_p.l(libshutdown2.o)
    0x0000016a   0x00000000   Code   RO         1095    .ARM.Collect$$libshutdown$$0000000B  c_p.l(libshutdown2.o)
    0x0000016a   0x00000000   Code   RO         1098    .ARM.Collect$$libshutdown$$0000000E  c_p.l(libshutdown2.o)
    0x0000016a   0x00000002   Code   RO         1099    .ARM.Collect$$libshutdown$$0000000F  c_p.l(libshutdown2.o)
    0x0000016c   0x00000000   Code   RO          927    .ARM.Collect$$rtentry$$00000000  c_p.l(rtentry.o)
    0x0000016c   0x00000000   Code   RO          942    .ARM.Collect$$rtentry$$00000002  c_p.l(rtentry2.o)
    0x0000016c   0x00000006   Code   RO          954    .ARM.Collect$$rtentry$$00000004  c_p.l(rtentry4.o)
    0x00000172   0x00000000   Code   RO          944    .ARM.Collect$$rtentry$$00000009  c_p.l(rtentry2.o)
    0x00000172   0x00000004   Code   RO          945    .ARM.Collect$$rtentry$$0000000A  c_p.l(rtentry2.o)
    0x00000176   0x00000000   Code   RO          947    .ARM.Collect$$rtentry$$0000000C  c_p.l(rtentry2.o)
    0x00000176   0x00000008   Code   RO          948    .ARM.Collect$$rtentry$$0000000D  c_p.l(rtentry2.o)
    0x0000017e   0x00000002   Code   RO          981    .ARM.Collect$$rtexit$$00000000  c_p.l(rtexit.o)
    0x00000180   0x00000000   Code   RO         1035    .ARM.Collect$$rtexit$$00000002  c_p.l(rtexit2.o)
    0x00000180   0x00000004   Code   RO         1036    .ARM.Collect$$rtexit$$00000003  c_p.l(rtexit2.o)
    0x00000184   0x00000006   Code   RO         1037    .ARM.Collect$$rtexit$$00000004  c_p.l(rtexit2.o)
    0x0000018a   0x00000002   PAD
    0x0000018c   0x0000001c   Code   RO          507    .emb_text           retarget.o
    0x000001a8   0x00000038   Code   RO          915    .emb_text           c_p.l(rt_memcpy.o)
    0x000001e0   0x000000e4   Code   RO            3    .text               system_nuc230_240.o
    0x000002c4   0x00000064   Code   RO          118  * .text               startup_nuc230_240.o
    0x00000328   0x0000000c   Code   RO          124    .text               main.o
    0x00000334   0x000009c2   Code   RO          259    .text               can.o
    0x00000cf6   0x00000002   PAD
    0x00000cf8   0x00000628   Code   RO          279    .text               clk.o
    0x00001320   0x00000064   Code   RO          386    .text               gpio.o
    0x00001384   0x00000174   Code   RO          508    .text               retarget.o
    0x000014f8   0x000000d8   Code   RO          628    .text               sys.o
    0x000015d0   0x0000024c   Code   RO          648    .text               timer.o
    0x0000181c   0x0000043c   Code   RO          669    .text               uart.o
    0x00001c58   0x0000001c   Code   RO          723    .text               wdt.o
    0x00001c74   0x0000026c   Code   RO          763    .text               bsp.o
    0x00001ee0   0x00000714   Code   RO          792    .text               bsp_can.o
    0x000025f4   0x00000578   Code   RO          826    .text               bsp_io.o
    0x00002b6c   0x0000001c   Code   RO          862    .text               c_p.l(noretval__2printf.o)
    0x00002b88   0x00000052   Code   RO          866    .text               c_p.l(_printf_str.o)
    0x00002bda   0x00000002   PAD
    0x00002bdc   0x0000006c   Code   RO          868    .text               c_p.l(_printf_dec.o)
    0x00002c48   0x00000058   Code   RO          873    .text               c_p.l(_printf_hex_int.o)
    0x00002ca0   0x0000010e   Code   RO          899    .text               c_p.l(__printf_wp.o)
    0x00002dae   0x00000082   Code   RO          916    .text               c_p.l(rt_memcpy.o)
    0x00002e30   0x0000015a   Code   RO          919    .text               c_p.l(aeabi_sdiv.o)
    0x00002f8a   0x00000006   Code   RO          923    .text               c_p.l(heapauxi.o)
    0x00002f90   0x000000b0   Code   RO          932    .text               c_p.l(_printf_intcommon.o)
    0x00003040   0x0000002e   Code   RO          934    .text               c_p.l(_printf_char.o)
    0x0000306e   0x00000002   PAD
    0x00003070   0x00000028   Code   RO          936    .text               c_p.l(_printf_char_file.o)
    0x00003098   0x00000028   Code   RO          939    .text               c_p.l(rtudiv10.o)
    0x000030c0   0x00000030   Code   RO          958    .text               c_p.l(_printf_char_common.o)
    0x000030f0   0x0000003e   Code   RO          960    .text               c_p.l(sys_stackheap_outer.o)
    0x0000312e   0x0000000c   Code   RO          965    .text               c_p.l(exit.o)
    0x0000313a   0x00000002   PAD
    0x0000313c   0x00000008   Code   RO          977    .text               c_p.l(libspace.o)
    0x00003144   0x0000000c   Code   RO         1032    .text               c_p.l(sys_exit.o)
    0x00003150   0x00000002   Code   RO         1049    .text               c_p.l(use_no_semi.o)
    0x00003152   0x00000000   Code   RO         1051    .text               c_p.l(indicate_semi.o)
    0x00003152   0x0000000e   Code   RO          901    i._is_digit         c_p.l(__printf_wp.o)
    0x00003160   0x00000038   Data   RO          280    .constdata          clk.o
    0x00003198   0x00000020   Data   RO          649    .constdata          timer.o
    0x000031b8   0x00000030   Data   RO          670    .constdata          uart.o
    0x000031e8   0x00000028   Data   RO          874    .constdata          c_p.l(_printf_hex_int.o)
    0x00003210   0x00000020   Data   RO         1100    Region$$Table       anon$$obj.o


    Execution Region RW_IRAM1 (Base: 0x20000000, Size: 0x00000650, Max: 0x00004000, ABSOLUTE)

    Base Addr    Size         Type   Attr      Idx    E Section Name        Object

    0x20000000   0x0000002c   Data   RW            4    .data               system_nuc230_240.o
    0x2000002c   0x00000008   Data   RW          509    .data               retarget.o
    0x20000034   0x00000012   Data   RW          794    .data               bsp_can.o
    0x20000046   0x00000013   Data   RW          828    .data               bsp_io.o
    0x20000059   0x00000003   PAD
    0x2000005c   0x00000158   Zero   RW          793    .bss                bsp_can.o
    0x200001b4   0x0000003c   Zero   RW          827    .bss                bsp_io.o
    0x200001f0   0x00000060   Zero   RW          978    .bss                c_p.l(libspace.o)
    0x20000250   0x00000000   Zero   RW          116    HEAP                startup_nuc230_240.o
    0x20000250   0x00000400   Zero   RW          115    STACK               startup_nuc230_240.o


==============================================================================

Image component sizes


      Code (inc. data)   RO Data    RW Data    ZI Data      Debug   Object Name

       620         66          0          0          0      47972   bsp.o
      1812        586          0         18        344      11444   bsp_can.o
      1400        158          0         19         60      25633   bsp_io.o
      2498         26          0          0          0       8550   can.o
      1576        120         56          0          0       6011   clk.o
         0          0          0          0          0     101256   fmc.o
       100          6          0          0          0       1294   gpio.o
        12          0          0          0          0     108090   main.o
       400        128          0          8          0       4363   retarget.o
       100         46        192          0       1024        656   startup_nuc230_240.o
       216          4          0          0          0       1722   sys.o
       228         38          0         44          0     128237   system_nuc230_240.o
       588         42         32          0          0       2878   timer.o
      1084         54         48          0          0      11329   uart.o
        28          4          0          0          0        607   wdt.o

    ----------------------------------------------------------------------
     10664       1278        360         92       1428     460042   Object Totals
         0          0         32          0          0          0   (incl. Generated)
         2          0          0          3          0          0   (incl. Padding)

    ----------------------------------------------------------------------

      Code (inc. data)   RO Data    RW Data    ZI Data      Debug   Library Member Name

         8          0          0          0          0         68   __main.o
       284          0          0          0          0        136   __printf_wp.o
        60          8          0          0          0          0   __scatter.o
        26          0          0          0          0          0   __scatter_copy.o
        28          0          0          0          0          0   __scatter_zi.o
        46          0          0          0          0        100   _printf_char.o
        48          6          0          0          0         88   _printf_char_common.o
        40          6          0          0          0         72   _printf_char_file.o
        10          0          0          0          0          0   _printf_d.o
       108         18          0          0          0         76   _printf_dec.o
        88          4         40          0          0         72   _printf_hex_int.o
       176          0          0          0          0         84   _printf_intcommon.o
         2          0          0          0          0          0   _printf_percent.o
         4          0          0          0          0          0   _printf_percent_end.o
        10          0          0          0          0          0   _printf_s.o
        82          0          0          0          0         72   _printf_str.o
        10          0          0          0          0          0   _printf_x.o
       346          0          0          0          0         92   aeabi_sdiv.o
        12          0          0          0          0         64   exit.o
         6          0          0          0          0        136   heapauxi.o
         0          0          0          0          0          0   indicate_semi.o
         2          0          0          0          0          0   libinit.o
         6          0          0          0          0          0   libinit2.o
         2          0          0          0          0          0   libshutdown.o
         2          0          0          0          0          0   libshutdown2.o
         8          4          0          0         96         68   libspace.o
        28          6          0          0          0         84   noretval__2printf.o
       186          0          0          0          0        144   rt_memcpy.o
         0          0          0          0          0          0   rtentry.o
        12          0          0          0          0          0   rtentry2.o
         6          0          0          0          0          0   rtentry4.o
         2          0          0          0          0          0   rtexit.o
        10          0          0          0          0          0   rtexit2.o
        40          0          0          0          0         60   rtudiv10.o
        12          4          0          0          0         60   sys_exit.o
        62          0          0          0          0         80   sys_stackheap_outer.o
         2          0          0          0          0         68   use_no_semi.o

    ----------------------------------------------------------------------
      1784         56         40          0         96       1624   Library Totals
        10          0          0          0          0          0   (incl. Padding)

    ----------------------------------------------------------------------

      Code (inc. data)   RO Data    RW Data    ZI Data      Debug   Library Name

      1774         56         40          0         96       1624   c_p.l

    ----------------------------------------------------------------------
      1784         56         40          0         96       1624   Library Totals

    ----------------------------------------------------------------------

==============================================================================


      Code (inc. data)   RO Data    RW Data    ZI Data      Debug   

     12448       1334        400         92       1524     459702   Grand Totals
     12448       1334        400         92       1524     459702   ELF Image Totals
     12448       1334        400         92          0          0   ROM Totals

==============================================================================

    Total RO  Size (Code + RO Data)                12848 (  12.55kB)
    Total RW  Size (RW Data + ZI Data)              1616 (   1.58kB)
    Total ROM Size (Code + RO Data + RW Data)      12940 (  12.64kB)

==============================================================================

